IQ-TREE multicore version 2.2.0 COVID-edition for Mac OS X 64-bit built Jun  1 2022
Developed by Bui Quang Minh, James Barbetti, Nguyen Lam Tung,
Olga Chernomor, Heiko Schmidt, Dominik Schrempf, Michael Woodhams, Ly Trong Nhan.

Host:    SSITMMI-NKLAB12.local (SSE4.2, 32 GB RAM)
Command: iqtree2 -s ./DIT1_PvcA_crm_domains_gappyout.fas -m Q.plant+I+G4 -T 8 --ufboot 1000 -safe
Seed:    766278 (Using SPRNG - Scalable Parallel Random Number Generator)
Time:    Mon Jan 12 11:41:06 2026
Kernel:  Safe SSE2 - 8 threads (12 CPU cores detected)

Reading alignment file ./DIT1_PvcA_crm_domains_gappyout.fas ... Fasta format detected
Reading fasta file: done in 0.00182986 secs using 91.76% CPU
Alignment most likely contains protein sequences
Constructing alignment: done in 0.00119495 secs using 559.2% CPU
Alignment has 422 sequences with 266 columns, 264 distinct patterns
226 parsimony-informative, 20 singleton sites, 20 constant sites
                                                       Gap/Ambiguity  Composition  p-value
Analyzing sequences: done in 5.48363e-05 secs using 609.1% CPU
   1  Agyrium_rufum_FUN_008167_ICS                             0.38%    passed    100.00%
   2  Agyrium_rufum_MCJ1312423.1_ICS                          36.09%    passed     72.93%
   3  Agyrium_rufum_MCJ1314532.1_ICS                           0.38%    passed    100.00%
   4  Akanthomyces_lecanii_OAA72981.1_ICS                      0.00%    passed     98.45%
   5  Alectoria_fallacina_ICS                                 72.93%    passed     30.36%
   6  Alternaria_alternata_OWY45736.1_ICS                      0.00%    passed     98.62%
   7  Alternaria_arborescens_XP_028501020.1_ICS                0.00%    passed     98.50%
   8  Alternaria_arbusti_KAI4940317.1_ICS                      0.00%    passed     99.95%
   9  Alternaria_atra_XP_043172905.1_ICS                       0.00%    passed     99.86%
  10  Alternaria_burnsii_XP_038781501.1_ICS                    0.00%    passed     97.97%
  11  Alternaria_conjuncta_KAI4912347.1_ICS                    0.00%    passed     99.96%
  12  Alternaria_ethzedia_XP_049228601.1_ICS                   0.00%    passed     99.94%
  13  Alternaria_gaisen_KAB2098972.1_ICS                       0.00%    passed     99.33%
  14  Alternaria_hordeiaustralica_XP_049239373.1_ICS           0.00%    passed     99.95%
  15  Alternaria_incomplexa_KAI4906425.1_ICS                   0.00%    passed     99.95%
  16  Alternaria_infectoria_KAI4912202.1_ICS                   0.00%    passed     99.95%
  17  Alternaria_metachromatica_XP_049184125.1_ICS             0.00%    passed     99.91%
  18  Alternaria_novaezelandiae_XP_049249900.1_ICS             0.00%    passed     99.95%
  19  Alternaria_panax_KAG9185431.1_ICS                       24.81%    passed     94.78%
  20  Alternaria_postmessia_KAI5365607.1_ICS                   0.00%    passed     98.30%
  21  Alternaria_rosae_XP_046029353.1_ICS                      0.00%    passed     99.82%
  22  Alternaria_sp_Ai002NY15_KAI4703537.1_ICS                35.34%    passed     99.29%
  23  Alternaria_sp_BMP_0032_KAI4606514.1_ICS                  0.00%    passed     99.95%
  24  Alternaria_sp_BMP_2799_KAI4676254.1_ICS                  0.00%    passed     99.97%
  25  Alternaria_sp_MG1_RII22453.1_ICS                         0.00%    passed     97.97%
  26  Alternaria_tenuissima_RYN54236.1_ICS                     0.00%    passed     99.60%
  27  Alternaria_triticimaculans_XP_049219272.1_ICS            0.00%    passed     99.93%
  28  Alternaria_ventricosa_XP_049202952.1_ICS                 0.00%    passed     99.95%
  29  Alternaria_viburni_XP_049205494.1_ICS                    0.00%    passed     99.95%
  30  Amniculicola_lignicola_KAF2001389.1_ICS                  0.00%    passed     99.62%
  31  Ampelomyces_quisqualis_KAF1919508.1_ICS                  0.75%    passed     99.85%
  32  Aplosporella_prunicola_XP_033402121.1_ICS                4.89%    passed     61.53%
  33  Arctoparmelia_centrifuga_FUN_011191_ICS                  0.00%    passed    100.00%
  34  Arthroderma_uncinatum_XP_033408357.1_ICS                 0.00%    passed    100.00%
  35  Ascochyta_lentis_KAF9691933.1_ICS                        0.00%    passed     86.89%
  36  Aspergillus_carbonarius_OOF98727.1_ICS                   1.13%    passed     96.63%
  37  Aspergillus_fischeri_EAW21206.1_ICS                      3.01%    passed     99.99%
  38  Aspergillus_fumigatiaffinis_KAF4248699.1_ICS             0.00%    passed     99.94%
  39  Aspergillus_fumigatus_XP_754255.1_ICS                    3.01%    passed     99.92%
  40  Aspergillus_hiratsukae_KAF7133698.1_ICS                  0.00%    passed     99.68%
  41  Aspergillus_lentulus_GFF71240.1_ICS                      0.00%    passed     99.98%
  42  Aspergillus_ochraceoroseus_PTU19038.1_ICS                0.38%    passed     99.97%
  43  Aspergillus_rambellii_KKK24685.1_ICS                     0.38%    passed     99.97%
  44  Aspergillus_sclerotiicarbonarius_PYI03572.1_ICS          3.01%    passed     96.83%
  45  Aspergillus_sclerotioniger_XP_025466311.1_ICS            0.00%    passed     99.99%
  46  Aspergillus_tanneri_XP_033424409.1_ICS                   0.00%    passed     91.03%
  47  Aspergillus_thermomutatus_RHZ54872.1_ICS                 0.00%    passed     99.97%
  48  Aspergillus_turcosus_RHZ63003.1_ICS                      0.00%    passed     99.96%
  49  Astrocystis_sublimbata_KAI0188862.1_ICS                  0.00%    passed     99.99%
  50  Aulographum_hederae_KAF1982045.1_ICS                     0.00%    passed    100.00%
  51  Bacidia_gigantensis_XP_044664481.1_ICS                   0.38%    passed     98.03%
  52  Beauveria_bassiana_PQK13146.1_ICS                        0.00%    passed     99.86%
  53  Beauveria_brongniartii_OAA35483.1_ICS                    0.00%    passed     99.84%
  54  Bipolaris_maydis_XP_014072682.1_ICS                      0.00%    passed    100.00%
  55  Bipolaris_oryzae_XP_007692129.1_ICS                      0.00%    passed     99.99%
  56  Bipolaris_sorokiniana_XP_007696074.1_ICS                 0.00%    passed    100.00%
  57  Bipolaris_victoriae_XP_014558639.1_ICS                   0.00%    passed     99.97%
  58  Bipolaris_zeicola_XP_007717065.1_ICS                     0.00%    passed     99.97%
  59  Bipolaris_zeicola_XP_007718658.1_ICS                     0.00%    passed     99.66%
  60  Boeremia_exigua_KAH6629308.1_ICS                         0.00%    passed     96.15%
  61  Botryotinia_calthae_TEY43688.1_ICS                       0.00%    passed     89.32%
  62  Botryotinia_convoluta_TGO48987.1_ICS                     0.00%    passed     96.60%
  63  Botryotinia_narcissicola_TGO50028.1_ICS                  0.00%    passed     96.72%
  64  Botrytis_aclada_KAF7954133.1_ICS                         0.00%    passed     90.83%
  65  Botrytis_byssoidea_XP_038727222.1_ICS                    0.00%    passed     96.83%
  66  Botrytis_cinerea_EMR88390.1_ICS                          0.00%    passed     92.63%
  67  Botrytis_deweyae_XP_038805538.1_ICS                      0.00%    passed     97.27%
  68  Botrytis_elliptica_TGO64075.1_ICS                        0.00%    passed     96.36%
  69  Botrytis_fragariae_XP_037195849.1_ICS                    0.00%    passed     96.96%
  70  Botrytis_galanthina_THV48776.1_ICS                       0.00%    passed     95.17%
  71  Botrytis_hyacinthi_TGO36230.1_ICS                        0.00%    passed     93.84%
  72  Botrytis_paeoniae_TGO22376.1_ICS                         0.00%    passed     89.94%
  73  Botrytis_porri_XP_038772455.1_ICS                        3.01%    passed     79.13%
  74  Botrytis_sinoallii_XP_038762200.1_ICS                    0.00%    passed     99.84%
  75  Botrytis_squamosa_KAF7858335.1_ICS                       0.00%    passed     96.36%
  76  Botrytis_tulipae_TGO16560.1_ICS                          0.00%    passed     95.46%
  77  Caloplaca_aegaea_KAI4289415.1_ICS                        0.00%    passed     99.53%
  78  Caloplaca_aetnensis_KAI4176559.1_ICS                    25.94%    passed     95.62%
  79  Calycina_marina_KAG9241247.1_ICS                         0.38%    passed     94.33%
  80  Canoparmelia_nairobiensis_ICS                            0.38%    passed    100.00%
  81  Canoparmelia_texana_FUN_006845_ICS                      72.93%    passed     94.29%
  82  Capronia_epimyces_XP_007733780.1_ICS                    26.32%    passed     82.97%
  83  Cenococcum_geophilum_OCK97870.1_ICS                      0.00%    passed    100.00%
  84  Cercospora_zeaemaydis_KAF2216499.1_ICS                  37.97%    passed     96.16%
  85  Chaenotheca_gracillima_ICS                               0.38%    passed     99.28%
  86  Chaetothyriales_sp_CBS_134920_RMD43204.1_ICS             0.00%    passed     99.99%
  87  Chaetothyriales_sp_CBS_135597_RMZ77957.1_ICS             0.00%    passed     99.99%
  88  Chalara_longipes_KAE9367491.1_ICS                        0.00%    passed     99.15%
  89  Chalara_longipes_KAE9374074.1_ICS                        1.50%    passed     99.64%
  90  Cladonia_grayi_ICS                                      27.82%    passed     94.22%
  91  Cladonia_rangiferina_FUN_002344_ICS                     23.31%    passed     99.59%
  92  Cladophialophora_carrionii_ETI29379.1_ICS                0.00%    passed     99.99%
  93  Cladophialophora_psammophila_XP_007744155.1_ICS          0.00%    passed     99.98%
  94  Clathrospora_elynae_KAF1934949.1_ICS                     0.00%    passed    100.00%
  95  Clathrospora_elynae_KAF1945054.1_ICS                     0.00%    passed     99.91%
  96  Clohesyomyces_aquaticus_ORY16214.1_ICS                   0.00%    passed     97.51%
  97  Clonostachys_byssicola_CAG9975143.1_ICS                  0.00%    passed     98.52%
  98  Clonostachys_byssicola_CAG9975145.1_ICS                  0.00%    passed     99.75%
  99  Clonostachys_byssicola_CAG9985190.1_ICS                  0.00%    passed     97.80%
 100  Clonostachys_rhizophaga_CAH0016865.1_ICS                 0.00%    passed     97.76%
 101  Clonostachys_rhizophaga_CAH0023177.1_ICS                 0.00%    passed     96.29%
 102  Clonostachys_rhizophaga_CAH0023179.1_ICS                 0.00%    passed     99.77%
 103  Clonostachys_rosea_VUC22207.1_ICS                        0.00%    passed     95.52%
 104  Clonostachys_rosea_VUC29925.1_ICS                        0.00%    passed     98.99%
 105  Clonostachys_rosea_VUC29926.1_ICS                        0.00%    passed     94.88%
 106  Clonostachys_solani_CAH0048199.1_ICS                     0.00%    passed     98.88%
 107  Clonostachys_solani_CAH0051384.1_ICS                     0.00%    passed     99.44%
 108  Clonostachys_solani_CAH0051386.1_ICS                     0.00%    passed     98.35%
 109  Coccidioides_immitis_TPX20325.1_ICS                      0.00%    passed     89.50%
 110  Coccidioides_posadasii_XP_003072100.1_ICS                0.00%    passed     91.98%
 111  Colletotrichum_abscissum_KAI3559024.1_ICS                0.00%    passed     99.93%
 112  Colletotrichum_aenigma_XP_037172021.1_ICS                0.00%    passed     99.92%
 113  Colletotrichum_asianum_KAF0327436.1_ICS                  0.00%    passed     99.95%
 114  Colletotrichum_camelliae_KAH0423460.1_ICS                0.00%    passed     99.95%
 115  Colletotrichum_chlorophyti_OLN87994.1_ICS               26.69%    passed     97.71%
 116  Colletotrichum_filicis_KAI3528183.1_ICS                  2.26%    passed     99.99%
 117  Colletotrichum_fructicola_KAF4476606.1_ICS               0.00%    passed     99.81%
 118  Colletotrichum_gloeosporioides_KAH9232577.1_ICS          0.00%    passed     99.77%
 119  Colletotrichum_lupini_XP_049153018.1_ICS                 2.26%    passed     99.99%
 120  Colletotrichum_orbiculare_TDZ16871.1_ICS                16.17%    passed     98.94%
 121  Colletotrichum_siamense_KAF4852209.1_ICS                 0.00%    passed     99.92%
 122  Colletotrichum_simmondsii_KXH33807.1_ICS                28.20%    passed     92.42%
 123  Colletotrichum_spinosum_TDZ36803.1_ICS                  24.81%    passed     93.65%
 124  Colletotrichum_trifolii_TDZ36449.1_ICS                   0.00%    passed     98.83%
 125  Colletotrichum_tropicale_KAF4818126.1_ICS                0.00%    passed     99.86%
 126  Colletotrichum_viniferum_KAF4900572.1_ICS                0.00%    passed     99.84%
 127  Cordyceps_fumosorosea_XP_018700494.1_ICS                 0.00%    passed     99.91%
 128  Cordyceps_javanica_TQW02302.1_ICS                        0.00%    passed     99.95%
 129  Cordyceps_militaris_EGX88288.1_ICS                       0.00%    passed     99.95%
 130  Cornicularia_nomoerica_ICS                               0.00%    passed     99.99%
 131  Corynespora_cassiicola_PSN59019.1_ICS                   61.28%    passed     89.97%
 132  Corynespora_cassiicola_PSN69555.1_ICS                    0.38%    passed     99.99%
 133  Curvularia_clavata_USP76830.1_ICS                        0.00%    passed     99.97%
 134  Cylindrodendrum_hubeiense_KAF7551255.1_ICS               0.00%    passed     99.99%
 135  Cylindrodendrum_hubeiense_KAF7552327.1_ICS               0.00%    passed     95.39%
 136  Cylindrodendrum_hubeiense_KAF7556944.1_ICS               3.01%    passed     99.79%
 137  Dactylonectria_estremocensis_KAH7129550.1_ICS            0.00%    passed     99.99%
 138  Dactylonectria_estremocensis_KAH7140155.1_ICS            0.00%    passed     99.18%
 139  Dactylonectria_macrodidyma_KAH7123085.1_ICS              0.00%    passed     99.98%
 140  Dactylonectria_macrodidyma_KAH7166366.1_ICS              0.00%    passed     99.94%
 141  Didymosphaeria_enalia_KAF2258812.1_ICS                   0.00%    passed    100.00%
 142  Didymosphaeria_enalia_KAF2270327.1_ICS                   0.00%    passed     99.95%
 143  Emericellopsis_atlantica_KAG9253419.1_ICS                0.00%    passed     99.82%
 144  Emericellopsis_cladophorae_KAI6779256.1_ICS              0.00%    passed     99.86%
 145  Epichloe_festucae_QPG98315.1_ICS                         1.50%    passed     99.56%
 146  Eutypa_lata_KAI1249352.1_ICS                             0.00%    passed     99.99%
 147  Evernia_prunastri_ICS                                    0.00%    passed     99.34%
 148  Exophiala_aquamarina_XP_013253685.1_ICS                 27.07%    passed     94.80%
 149  Exophiala_oligosperma_XP_016263409.1_ICS                 0.38%    passed     99.94%
 150  Exophiala_oligosperma_XP_016263410.1_ICS                 0.38%    passed     99.94%
 151  Exophiala_oligosperma_XP_016263411.1_ICS                34.21%    passed     89.65%
 152  Exserohilum_turcicum_XP_008020935.1_ICS                  0.00%    passed     98.13%
 153  Exserohilum_turcicum_XP_008022453.1_ICS                  0.75%    passed     97.95%
 154  Fonsecaea_monophora_XP_022517428.1_ICS                   1.50%    passed     99.97%
 155  Fonsecaea_nubica_XP_022496746.1_ICS                      1.50%    passed     99.94%
 156  Fonsecaea_pedrosoi_KIW83142.1_ICS                        0.38%    passed     99.98%
 157  Fusarium_agapanthi_KAF4500681.1_ICS                      0.00%    passed     99.95%
 158  Fusarium_albosuccineum_KAF4446553.1_ICS                  0.00%    passed    100.00%
 159  Fusarium_albosuccineum_KAF4463403.1_ICS                 27.44%    passed     97.98%
 160  Fusarium_albosuccineum_KAF4467009.1_ICS                  1.50%    passed     99.95%
 161  Fusarium_annulatum_KAI1064557.1_ICS                      0.00%    passed     99.99%
 162  Fusarium_annulatum_KAI1066448.1_ICS                      1.50%    passed     91.98%
 163  Fusarium_anthophilum_KAF5249351.1_ICS                    1.50%    passed     98.26%
 164  Fusarium_anthophilum_KAF5250788.1_ICS                   30.08%    passed     99.86%
 165  Fusarium_anthophilum_KAF5254628.1_ICS                    0.75%    passed     99.90%
 166  Fusarium_austroafricanum_KAF4454196.1_ICS                0.00%    passed    100.00%
 167  Fusarium_austroamericanum_KAF5236166.1_ICS               1.50%    passed     99.94%
 168  Fusarium_austroamericanum_KAF5238438.1_ICS               2.26%    passed     93.11%
 169  Fusarium_beomiforme_KAF4345084.1_ICS                     0.00%    passed     99.98%
 170  Fusarium_bulbicola_KAF5977410.1_ICS                     54.14%    passed     96.10%
 171  Fusarium_bulbicola_KAF5979540.1_ICS                      0.75%    passed     99.93%
 172  Fusarium_bulbicola_KAF5980293.1_ICS                      1.50%    passed     99.41%
 173  Fusarium_chuoi_KAI1016346.1_ICS                          1.50%    passed     96.93%
 174  Fusarium_chuoi_KAI1018634.1_ICS                         28.95%    passed     99.67%
 175  Fusarium_chuoi_KAI1021067.1_ICS                          0.00%    passed    100.00%
 176  Fusarium_circinatum_KAF5663859.1_ICS                     1.50%    passed     98.08%
 177  Fusarium_circinatum_KAF5686003.1_ICS                     0.00%    passed     99.57%
 178  Fusarium_circinatum_KAF5691721.1_ICS                    34.59%    passed     98.89%
 179  Fusarium_coffeatum_XP_031013535.1_ICS                    0.38%    passed     84.88%
 180  Fusarium_coffeatum_XP_031016707.1_ICS                    0.38%    passed     94.31%
 181  Fusarium_coicis_KAF5981078.1_ICS                         0.00%    passed     99.98%
 182  Fusarium_culmorum_PTD02183.1_ICS                         1.50%    passed     98.49%
 183  Fusarium_culmorum_PTD07808.1_ICS                         0.00%    passed     95.68%
 184  Fusarium_decemcellulare_KAF4986365.1_ICS                 1.50%    passed     99.36%
 185  Fusarium_decemcellulare_KAF4996083.1_ICS                29.70%    passed     99.89%
 186  Fusarium_decemcellulare_KAF5013928.1_ICS                 0.00%    passed    100.00%
 187  Fusarium_denticulatum_KAF5685303.1_ICS                   1.50%    passed     98.35%
 188  Fusarium_denticulatum_KAF5687171.1_ICS                  29.70%    passed     99.07%
 189  Fusarium_denticulatum_KAF5695109.1_ICS                   0.00%    passed     99.99%
 190  Fusarium_equiseti_CAG7559789.1_ICS                       0.38%    passed     99.13%
 191  Fusarium_equiseti_CAG7566245.1_ICS                       0.38%    passed     93.17%
 192  Fusarium_euwallaceae_RTE69455.1_ICS                      1.50%    passed     99.80%
 193  Fusarium_flagelliforme_RFN52729.1_ICS                    0.38%    passed     95.16%
 194  Fusarium_floridanum_RSL42173.1_ICS                       1.50%    passed     99.80%
 195  Fusarium_fujikuroi_QGI70076.1_ICS                        0.00%    passed     99.99%
 196  Fusarium_fujikuroi_QGI70962.1_ICS                       28.57%    passed     97.11%
 197  Fusarium_gaditjirri_KAF4961245.1_ICS                     1.50%    passed     99.83%
 198  Fusarium_gaditjirri_KAF4961576.1_ICS                     0.00%    passed     99.96%
 199  Fusarium_globosum_KAF5707539.1_ICS                       0.00%    passed    100.00%
 200  Fusarium_globosum_KAF5716866.1_ICS                       1.50%    passed     96.80%
 201  Fusarium_graminearum_CEF76457.1_ICS                      1.50%    passed     98.51%
 202  Fusarium_graminearum_CEF78593.1_ICS                      0.00%    passed     95.98%
 203  Fusarium_graminum_KAF4996655.1_ICS                       1.50%    passed     94.84%
 204  Fusarium_heterosporum_KAF5670104.1_ICS                  19.17%    passed     99.61%
 205  Fusarium_kuroshium_RMJ02431.1_ICS                        1.50%    passed     99.80%
 206  Fusarium_langsethiae_GKU05918.1_ICS                      0.38%    passed     97.18%
 207  Fusarium_langsethiae_GKU06934.1_ICS                      1.50%    passed     99.33%
 208  Fusarium_langsethiae_GKU06935.1_ICS                      2.63%    passed     99.70%
 209  Fusarium_langsethiae_GKU06936.1_ICS                      2.63%    passed     99.70%
 210  Fusarium_langsethiae_GKU06937.1_ICS                      2.63%    passed     99.70%
 211  Fusarium_longipes_RGP80030.1_ICS                         0.38%    passed     94.43%
 212  Fusarium_mangiferae_XP_041683487.1_ICS                   0.00%    passed     99.98%
 213  Fusarium_mangiferae_XP_041688450.1_ICS                   1.50%    passed     95.79%
 214  Fusarium_mexicanum_KAF5539464.1_ICS                      2.26%    passed     99.33%
 215  Fusarium_mexicanum_KAF5549363.1_ICS                      1.50%    passed     99.27%
 216  Fusarium_mexicanum_KAF5557415.1_ICS                      0.00%    passed     99.93%
 217  Fusarium_mundagurra_KAF5715931.1_ICS                     0.00%    passed     99.99%
 218  Fusarium_musae_XP_044675053.1_ICS                        0.00%    passed     99.98%
 219  Fusarium_napiforme_KAF5565220.1_ICS                      0.00%    passed     99.85%
 220  Fusarium_nygamai_PNP81104.1_ICS                          0.00%    passed     99.93%
 221  Fusarium_nygamai_PNP83832.1_ICS                          1.50%    passed     98.44%
 222  Fusarium_odoratissimum_EMT69002.1_ICS                    1.50%    passed     98.94%
 223  Fusarium_odoratissimum_EMT71253.1_ICS                    0.00%    passed    100.00%
 224  Fusarium_oxysporum_TVY60241.1_ICS                        1.50%    passed     98.94%
 225  Fusarium_oxysporum_TVY68270.1_ICS                        0.00%    passed    100.00%
 226  Fusarium_phyllophilum_KAF5556118.1_ICS                   1.50%    passed     96.96%
 227  Fusarium_phyllophilum_KAF5565681.1_ICS                   0.00%    passed     99.79%
 228  Fusarium_poae_OBS23239.1_ICS                             1.50%    passed     99.93%
 229  Fusarium_poae_OBS25041.1_ICS                             0.00%    passed     92.18%
 230  Fusarium_proliferatum_RKL38792.1_ICS                    25.94%    passed     96.75%
 231  Fusarium_proliferatum_RKL44237.1_ICS                     0.00%    passed     99.99%
 232  Fusarium_pseudoanthophilum_KAF5579085.1_ICS              1.50%    passed     95.58%
 233  Fusarium_pseudoanthophilum_KAF5589599.1_ICS              0.00%    passed    100.00%
 234  Fusarium_pseudocircinatum_KAF5597174.1_ICS               0.00%    passed    100.00%
 235  Fusarium_pseudocircinatum_KAF5597654.1_ICS               1.50%    passed     99.83%
 236  Fusarium_pseudocircinatum_KAF5598634.1_ICS              29.70%    passed     98.72%
 237  Fusarium_pseudograminearum_KAF0638021.1_ICS              1.50%    passed     99.84%
 238  Fusarium_pseudograminearum_KAF0639056.1_ICS              0.00%    passed     95.08%
 239  Fusarium_redolens_XP_046045062.1_ICS                     0.00%    passed    100.00%
 240  Fusarium_sarcochroum_KAF4945803.1_ICS                    1.50%    passed     99.70%
 241  Fusarium_sp_AF4_RSL80048.1_ICS                           1.50%    passed     99.89%
 242  Fusarium_sp_AF6_RSL38658.1_ICS                           1.50%    passed     99.85%
 243  Fusarium_sp_DS_682_KAF9766432.1_ICS                      0.00%    passed     99.91%
 244  Fusarium_sp_FIESC_RH6_KAI1060860.1_ICS                   0.38%    passed     94.56%
 245  Fusarium_sp_MPISDFRAT0072_KAH7147702.1_ICS               1.50%    passed     99.52%
 246  Fusarium_sp_MPISDFRAT0072_KAH7154172.1_ICS               0.00%    passed     99.99%
 247  Fusarium_sp_NRRL_25303_KAF5644391.1_ICS                  1.50%    passed     92.93%
 248  Fusarium_sp_NRRL_25303_KAF5651975.1_ICS                  0.00%    passed     99.84%
 249  Fusarium_sp_NRRL_25303_KAF5655010.1_ICS                 29.70%    passed     98.23%
 250  Fusarium_sp_NRRL_52700_KAF5624377.1_ICS                  0.00%    passed     99.98%
 251  Fusarium_sp_NRRL_52700_KAF5635996.1_ICS                  1.50%    passed     95.55%
 252  Fusarium_sporotrichioides_RGP67292.1_ICS                 2.63%    passed     99.97%
 253  Fusarium_sporotrichioides_RGP74564.1_ICS                 0.38%    passed     95.74%
 254  Fusarium_subglutinans_XP_036540338.1_ICS                 0.00%    passed     99.62%
 255  Fusarium_subglutinans_XP_036542832.1_ICS                 1.50%    passed     97.96%
 256  Fusarium_tjaetaba_XP_037203803.1_ICS                     0.00%    passed     99.88%
 257  Fusarium_tjaetaba_XP_037206995.1_ICS                     1.50%    passed     94.03%
 258  Fusarium_venenatum_KAH6991831.1_ICS                      1.50%    passed     99.23%
 259  Fusarium_venenatum_KAH6993713.1_ICS                      0.00%    passed     98.68%
 260  Fusarium_verticillioides_RBQ68773.1_ICS                  0.00%    passed     99.99%
 261  Fusarium_xylarioides_KAG5773905.1_ICS                   22.56%    passed     99.72%
 262  Fusarium_xylarioides_KAG5780775.1_ICS                    0.00%    passed     99.85%
 263  Fusarium_xylarioides_KAG5781079.1_ICS                    2.63%    passed     92.98%
 264  Glarea_lozoyensis_XP_008078389.1_ICS                     0.38%    passed     93.03%
 265  Glarea_lozoyensis_XP_008080495.1_ICS                     0.00%    passed     97.01%
 266  Grosmannia_clavigera_EFX05940.1_ICS                      4.14%    passed     98.97%
 267  Gyalolechia_ehrenbergii_KAI4167697.1_ICS                 0.38%    passed     99.91%
 268  Gyalolechia_ehrenbergii_KAI4175355.1_ICS                26.69%    passed     98.79%
 269  Heterodermia_speciosa_HETSPECPRED_001490_ICS             0.00%    passed     99.80%
 270  Heterodermia_speciosa_HETSPECPRED_010372_ICS             0.38%    passed     99.58%
 271  Hyaloscypha_finlandica_KAH8767596.1_ICS                  0.00%    passed     99.90%
 272  Hyaloscypha_sp_PMI_1271_KAH8748816.1_ICS                 0.00%    passed     99.83%
 273  Hymenoscyphus_fraxineus_CAG8961937.1_ICS                 0.75%    passed     99.29%
 274  Icmadophila_ericetorum_MCJ1354734.1_ICS                  0.00%    passed     88.78%
 275  Ilyonectria_destructans_KAH6982672.1_ICS                 0.00%    passed     99.66%
 276  Ilyonectria_destructans_KAH6987035.1_ICS                 0.00%    passed     99.68%
 277  Ilyonectria_destructans_KAH6999779.1_ICS                 0.00%    passed    100.00%
 278  Ilyonectria_sp_MPICAGEAT0026_KAH6957910.1_ICS            0.00%    passed     99.56%
 279  Ilyonectria_sp_MPICAGEAT0026_KAH6981583.1_ICS            2.26%    passed     99.98%
 280  Karstenula_rhodostoma_KAF2439236.1_ICS                   0.38%    passed     99.56%
 281  Lentithecium_fluviatile_KAF2690734.1_ICS                 0.00%    passed    100.00%
 282  Leptosphaeria_biglobosa_KAH9861367.1_ICS                 0.00%    passed     99.96%
 283  Leptosphaeria_maculans_KAH9869828.1_ICS                  0.00%    passed     99.99%
 284  Letrouitia_leprolyta_KAI4180083.1_ICS                    0.38%    passed     58.25%
 285  Letrouitia_leprolyta_KAI4183818.1_ICS                    0.00%    passed     99.91%
 286  Lichina_pygmea_ICS                                       0.38%    passed     99.41%
 287  Lindgomyces_ingoldianus_XP_033541384.1_ICS               0.38%    passed     98.14%
 288  Lizonia_empirigonia_KAF1358040.1_ICS                     0.00%    passed     98.25%
 289  Lophiostoma_macrostomum_KAF2648716.1_ICS                 0.38%    passed     99.52%
 290  Lophiostoma_macrostomum_KAF2650414.1_ICS                 0.00%    passed     99.74%
 291  Melanelixia_glabra_ICS                                   0.00%    passed    100.00%
 292  Metarhizium_acridum_XP_007808063.1_ICS                   0.00%    passed     99.36%
 293  Metarhizium_anisopliae_KJK83196.1_ICS                    0.00%    passed     99.34%
 294  Metarhizium_brunneum_QLI64307.1_ICS                      0.00%    passed     99.49%
 295  Metarhizium_guizhouense_KID90510.1_ICS                   0.00%    passed     99.27%
 296  Metarhizium_humberi_KAH0600808.1_ICS                     3.01%    passed     99.37%
 297  Metarhizium_majus_XP_014578744.1_ICS                     0.00%    passed     99.64%
 298  Metarhizium_robertsii_EXV04551.1_ICS                     0.00%    passed     99.34%
 299  Microdochium_trichocladiopsis_XP_046010845.1_ICS         1.50%    passed     99.88%
 300  Microsporum_canis_XP_002842847.1_ICS                    24.81%    passed     99.83%
 301  Moelleriella_libera_KZZ97446.1_ICS                       0.00%    passed     99.85%
 302  Monosporascus_cannonballus_RYO82912.1_ICS                0.00%    passed    100.00%
 303  Monosporascus_ibericus_RYP10553.1_ICS                    0.00%    passed    100.00%
 304  Monosporascus_sp_5C6A_RYP70480.1_ICS                     0.00%    passed     99.98%
 305  Monosporascus_sp_CRB83_RYP62964.1_ICS                    0.00%    passed     99.99%
 306  Monosporascus_sp_CRB92_RYP71971.1_ICS                    0.00%    passed    100.00%
 307  Monosporascus_sp_GIB2_RYP15306.1_ICS                     0.00%    passed    100.00%
 308  Monosporascus_sp_MC138B_RYP33553.1_ICS                   0.00%    passed    100.00%
 309  Monosporascus_sp_mg162_RYP43739.1_ICS                    0.00%    passed     99.99%
 310  Myriangium_duriaei_KAF2154528.1_ICS                      0.00%    passed     99.23%
 311  Nannizzia_gypsea_XP_003169292.1_ICS                      0.00%    passed    100.00%
 312  Nannizzia_gypsea_XP_003171295.1_ICS                      0.00%    passed     99.55%
 313  Nemania_serpens_KAI1185029.1_ICS                         0.00%    passed     98.30%
 314  Nemania_sp_FL0916_KAI1172681.1_ICS                       0.00%    passed     99.35%
 315  Nemania_sp_NC0429_KAI1111738.1_ICS                       0.00%    passed     99.05%
 316  Neonectria_ditissima_KPM40578.1_ICS                      0.38%    passed     98.92%
 317  Niebla_homolea_ICS                                       0.00%    passed     98.74%
 318  Niorma_chrysophthalma_KAI4198521.1_ICS                   0.75%    passed     99.98%
 319  Oidiodendron_maius_KIM94082.1_ICS                        0.38%    passed    100.00%
 320  Paraphaeosphaeria_sporulosa_XP_018033692.1_ICS           0.38%    passed     99.76%
 321  Parmelina_tillacea_ICS                                   0.00%    passed     99.96%
 322  Peltaster_fructicola_QIX01996.1_ICS                      0.00%    passed     98.91%
 323  Penicillium_brasilianum_CEJ59956.1_ICS                   0.38%    passed     97.62%
 324  Penicillium_crustosum_KAF7517455.1_ICS                   0.38%    passed     96.36%
 325  Penicillium_digitatum_QQK43488.1_ICS                     0.00%    passed     97.80%
 326  Penicillium_expansum_KGO45434.1_ICS                      0.00%    passed     99.89%
 327  Penicillium_freii_KUM56496.1_ICS                         0.38%    passed     93.90%
 328  Penicillium_griseofulvum_XP_040649206.1_ICS              0.00%    passed     99.86%
 329  Penicillium_oxalicum_EPS31139.1_ICS                     26.32%    passed     75.69%
 330  Penicillium_polonicum_OQD71076.1_ICS                    25.94%    passed     99.04%
 331  Penicillium_polonicum_OQD71567.1_ICS                    77.44%    passed     92.02%
 332  Penicillium_polonicum_OQD71929.1_ICS                     0.38%    passed     96.75%
 333  Penicillium_solitum_XP_040808341.1_ICS                   0.38%    passed     98.35%
 334  Penicillium_sp_occitanis_PCH06140.1_ICS                  0.00%    passed     97.77%
 335  Penicillium_sp_str_12_KAF4763112.1_ICS                   0.38%    passed     98.35%
 336  Phialophora_americana_KIW62366.1_ICS                     0.00%    passed     99.82%
 337  Physcia_stellaris_KAG6999330.1_ICS                       4.89%    passed     97.60%
 338  Plenodomus_tracheiphilus_KAF2846133.1_ICS                0.00%    passed     99.88%
 339  Pochonia_chlamydosporia_XP_022284604.1_ICS               0.00%    passed     99.23%
 340  Pseudocercospora_eumusae_KXT02246.1_ICS                  0.00%    passed     99.96%
 341  Pyrenochaeta_sp_DS3sAY3a_OAL45143.1_ICS                  0.00%    passed     99.99%
 342  Pyrenophora_teres_CAE7031247.1_ICS                       0.00%    passed     99.97%
 343  Pyrenophora_triticirepentis_KAI1685035.1_ICS             0.00%    passed    100.00%
 344  Ramalina_intermedia_ICS                                  4.89%    passed     96.82%
 345  Rhexocercosporidium_sp_MPIPUGEAT0058_KAH7317460.1_ICS    0.38%    passed     99.16%
 346  Seirophora_lacunosa_KAI4087435.1_ICS                     1.13%    passed     99.99%
 347  Seirophora_villosa_KAI4113946.1_ICS                      1.13%    passed     99.99%
 348  Sporothrix_insectorum_OAA59700.1_ICS                     0.00%    passed     99.98%
 349  Sticta_canariensis_MCJ1428823.1_ICS                      0.38%    passed     99.08%
 350  Talaromyces_amestolkiae_XP_040736961.1_ICS               0.00%    passed     99.63%
 351  Talaromyces_cellulolyticus_GAM39784.1_ICS                0.00%    passed     97.49%
 352  Talaromyces_islandicus_CRG90102.1_ICS                    0.38%    passed     99.74%
 353  Talaromyces_marneffei_KAE8554211.1_ICS                   0.00%    passed     99.76%
 354  Talaromyces_pinophilus_KAF3404987.1_ICS                  0.00%    passed     96.30%
 355  Talaromyces_proteolyticus_XP_046075778.1_ICS             0.00%    passed     97.78%
 356  Talaromyces_stipitatus_XP_002483260.1_ICS                0.00%    passed     90.87%
 357  Talaromyces_verruculosus_KUL91656.1_ICS                 29.32%    passed     48.74%
 358  Teloschistes_flavicans_KAI4244084.1_ICS                 37.59%    passed     91.31%
 359  Teloschistes_peruensis_KAI4099322.1_ICS                  0.75%    passed     99.99%
 360  Teratosphaeria_destructans_KAH9843366.1_ICS              0.00%    passed     99.99%
 361  Teratosphaeria_nubilosa_KAF2764179.1_ICS                 0.38%    passed     96.63%
 362  Thelonectria_olida_KAH6873803.1_ICS                      0.00%    passed     99.98%
 363  Thozetella_sp_PMI_491_KAH8880465.1_ICS                   0.00%    passed    100.00%
 364  Tothia_fuscella_KAF2420724.1_ICS                         0.00%    passed     99.45%
 365  Trematosphaeria_pertusa_XP_033685156.1_ICS               0.00%    passed    100.00%
 366  Trichoderma_arundinaceum_RFU76422.1_ICS                 35.34%    passed     99.45%
 367  Trichoderma_arundinaceum_RFU77965.1_ICS                 37.97%    passed     98.27%
 368  Trichoderma_asperelloides_KAH8127508.1_ICS               0.00%    passed     99.28%
 369  Trichoderma_asperelloides_KAH8130640.1_ICS               0.00%    passed     99.83%
 370  Trichoderma_asperellum_XP_024755820.1_ICS                0.00%    passed     99.73%
 371  Trichoderma_asperellum_XP_024763205.1_ICS                0.00%    passed     99.83%
 372  Trichoderma_atroviride_EHK42400.1_ICS                    0.00%    passed     99.92%
 373  Trichoderma_atroviride_EHK49129.1_ICS                   24.81%    passed     97.54%
 374  Trichoderma_gamsii_XP_018663354.1_ICS                    0.00%    passed     99.94%
 375  Trichoderma_gamsii_XP_018666334.1_ICS                    0.00%    passed     99.92%
 376  Trichoderma_guizhouense_OPB41765.1_ICS                  63.91%    passed     94.00%
 377  Trichoderma_harzianum_XP_024769518.1_ICS                 0.00%    passed     99.11%
 378  Trichoderma_lentiforme_KAF3071615.1_ICS                  0.00%    passed     99.11%
 379  Trichoderma_semiorbis_KAH0528981.1_ICS                  34.21%    passed     94.74%
 380  Trichoderma_simmonsii_QYS95457.1_ICS                     0.00%    passed     99.56%
 381  Trichoderma_virens_EHK24062.1_ICS                        3.01%    passed     99.05%
 382  Trichophyton_benhamiae_DAA76167.1_ICS                    0.00%    passed     99.99%
 383  Trichophyton_equinum_EGE05591.1_ICS                      0.38%    passed     99.81%
 384  Trichophyton_interdigitale_KAG8206050.1_ICS              0.00%    passed     99.95%
 385  Trichophyton_rubrum_KMQ41408.1_ICS                       0.00%    passed    100.00%
 386  Trichophyton_soudanense_EZF79037.1_ICS                   0.00%    passed    100.00%
 387  Trichophyton_verrucosum_XP_003021174.1_ICS               0.00%    passed    100.00%
 388  Trichophyton_violaceum_OAL68961.1_ICS                    0.00%    passed    100.00%
 389  Usnochroma_carphineum_KAI4132166.1_ICS                   0.00%    passed    100.00%
 390  Variospora_aurantia_KAI4148357.1_ICS                     0.00%    passed     99.89%
 391  Venturia_inaequalis_KAE9991797.1_ICS                     0.38%    passed     99.32%
 392  Venturia_nashicola_TID19576.1_ICS                        0.38%    passed     97.30%
 393  Verticillium_dahliae_PNH27774.1_ICS                      0.00%    passed     99.84%
 394  Verticillium_nonalfalfae_XP_028495418.1_ICS              6.39%    passed     95.67%
 395  Xanthoria_mediterranea_KAI4087814.1_ICS                 11.28%    passed     98.94%
 396  Xylaria_arbuscula_KAI1361904.1_ICS                       0.00%    passed     99.98%
 397  Xylaria_arbuscula_KAI1363917.1_ICS                       1.50%    passed     99.95%
 398  Xylaria_bambusicola_XP_047832783.1_ICS                   0.00%    passed     94.15%
 399  Xylaria_bambusicola_XP_047833026.1_ICS                   0.00%    passed     99.05%
 400  Xylaria_grammica_KAI0422312.1_ICS                        0.00%    passed    100.00%
 401  Xylaria_hypoxylon_TGJ79002.1_ICS                         0.00%    passed     99.87%
 402  Xylaria_intraflava_KAI1827496.1_ICS                     24.81%    passed     98.60%
 403  Xylaria_nigripes_KAI2634467.1_ICS                        0.00%    passed    100.00%
 404  Xylaria_palmicola_KAI0399761.1_ICS                       0.00%    passed    100.00%
 405  Xylaria_sp_FL1042_KAI0429012.1_ICS                       0.00%    passed     99.77%
 406  Xylaria_sp_FL1777_KAI1418874.1_ICS                       1.50%    passed     96.50%
 407  Xylariaceae_sp_FL0594_KAI0398592.1_ICS                   0.00%    passed     99.35%
 408  Xylariaceae_sp_FL1019_KAI1266947.1_ICS                   0.00%    passed     99.84%
 409  Xylariaceae_sp_FL1019_KAI1268146.1_ICS                   1.50%    passed     99.96%
 410  Xylariaceae_sp_FL1272_KAI0164569.1_ICS                   0.00%    passed     99.77%
 411  Xylographa_bjoerkii_MCJ1387730.1_ICS                    24.81%    passed     97.39%
 412  Xylographa_carneopallida_MCJ1294904.1_ICS                0.00%    passed     99.84%
 413  Xylographa_opegraphella_MCJ1283548.1_ICS                 0.00%    passed     92.74%
 414  Xylographa_pallela_MMC32_005907_ICS                      0.00%    passed     99.91%
 415  Xylographa_pallens_MCJ1433653.1_ICS                      2.26%    passed     99.79%
 416  Xylographa_parallela_MCJ1419552.1_ICS                    0.00%    passed     99.91%
 417  Xylographa_soralifera_MCJ1385509.1_ICS                   0.00%    passed     97.89%
 418  Xylographa_vitiligo_MCJ1315356.1_ICS                     0.00%    passed     93.06%
 419  Zasmidium_cellare_XP_033672322.1_ICS                     0.00%    passed     99.99%
 420  Zymoseptoria_brevis_KJX94226.1_ICS                       0.00%    passed     95.21%
 421  Zymoseptoria_tritici_SMR58342.1_ICS                      0.00%    passed     87.16%
 422  fungal_sp_No14919_GAW22020.1_ICS                         0.00%    passed    100.00%
WARNING: 6 sequences contain more than 50% gaps/ambiguity
****  TOTAL                                                    3.94%  0 sequences failed composition chi2 test (p-value<5%; df=19)
NOTE: Agyrium_rufum_MCJ1314532.1_ICS is identical to Agyrium_rufum_FUN_008167_ICS but kept for subsequent analysis
NOTE: Alternaria_hordeiaustralica_XP_049239373.1_ICS is identical to Alternaria_arbusti_KAI4940317.1_ICS but kept for subsequent analysis
NOTE: Alternaria_sp_MG1_RII22453.1_ICS is identical to Alternaria_burnsii_XP_038781501.1_ICS but kept for subsequent analysis
NOTE: Aspergillus_rambellii_KKK24685.1_ICS is identical to Aspergillus_ochraceoroseus_PTU19038.1_ICS but kept for subsequent analysis
NOTE: Botrytis_squamosa_KAF7858335.1_ICS is identical to Botrytis_elliptica_TGO64075.1_ICS but kept for subsequent analysis
NOTE: Exophiala_oligosperma_XP_016263410.1_ICS is identical to Exophiala_oligosperma_XP_016263409.1_ICS but kept for subsequent analysis
NOTE: Fusarium_floridanum_RSL42173.1_ICS is identical to Fusarium_euwallaceae_RTE69455.1_ICS but kept for subsequent analysis
NOTE: Fusarium_langsethiae_GKU06936.1_ICS is identical to Fusarium_langsethiae_GKU06935.1_ICS but kept for subsequent analysis
NOTE: Fusarium_oxysporum_TVY60241.1_ICS is identical to Fusarium_odoratissimum_EMT69002.1_ICS but kept for subsequent analysis
NOTE: Metarhizium_robertsii_EXV04551.1_ICS is identical to Metarhizium_anisopliae_KJK83196.1_ICS but kept for subsequent analysis
NOTE: Monosporascus_sp_MC138B_RYP33553.1_ICS is identical to Monosporascus_cannonballus_RYO82912.1_ICS but kept for subsequent analysis
NOTE: Penicillium_sp_str_12_KAF4763112.1_ICS is identical to Penicillium_solitum_XP_040808341.1_ICS but kept for subsequent analysis
NOTE: Trichoderma_asperellum_XP_024763205.1_ICS is identical to Trichoderma_asperelloides_KAH8130640.1_ICS but kept for subsequent analysis
NOTE: Trichoderma_lentiforme_KAF3071615.1_ICS is identical to Trichoderma_harzianum_XP_024769518.1_ICS but kept for subsequent analysis
NOTE: Trichophyton_soudanense_EZF79037.1_ICS is identical to Trichophyton_rubrum_KMQ41408.1_ICS but kept for subsequent analysis
NOTE: Xylographa_parallela_MCJ1419552.1_ICS is identical to Xylographa_pallela_MMC32_005907_ICS but kept for subsequent analysis
Checking for duplicate sequences: done in 0.0012579 secs using 518.2% CPU
Identifying sites to remove: done in 0.000938892 secs using 767.7% CPU
NOTE: 7 identical sequences (see below) will be ignored for subsequent analysis
NOTE: Alternaria_incomplexa_KAI4906425.1_ICS (identical to Alternaria_arbusti_KAI4940317.1_ICS) is ignored but added at the end
NOTE: Alternaria_infectoria_KAI4912202.1_ICS (identical to Alternaria_arbusti_KAI4940317.1_ICS) is ignored but added at the end
NOTE: Alternaria_novaezelandiae_XP_049249900.1_ICS (identical to Alternaria_arbusti_KAI4940317.1_ICS) is ignored but added at the end
NOTE: Alternaria_sp_BMP_0032_KAI4606514.1_ICS (identical to Alternaria_arbusti_KAI4940317.1_ICS) is ignored but added at the end
NOTE: Alternaria_ventricosa_XP_049202952.1_ICS (identical to Alternaria_arbusti_KAI4940317.1_ICS) is ignored but added at the end
NOTE: Fusarium_kuroshium_RMJ02431.1_ICS (identical to Fusarium_euwallaceae_RTE69455.1_ICS) is ignored but added at the end
NOTE: Fusarium_langsethiae_GKU06937.1_ICS (identical to Fusarium_langsethiae_GKU06935.1_ICS) is ignored but added at the end
Alignment was printed to ./DIT1_PvcA_crm_domains_gappyout.fas.uniqueseq.phy

For your convenience alignment with unique sequences printed to ./DIT1_PvcA_crm_domains_gappyout.fas.uniqueseq.phy

Create initial parsimony tree by phylogenetic likelihood library (PLL)... 0.112 seconds
Generating 1000 samples for ultrafast bootstrap (seed: 766278)...
WARNING: Normalizing state frequencies so that sum of them equals to 1

NOTE: 73 MB RAM (0 GB) is required!
Estimate model parameters (epsilon = 0.100)
Thoroughly optimizing +I+G parameters from 10 start values...
Init pinv, alpha: 0.000, 1.000 / Estimate: 0.000, 0.637 / LogL: -34666.933
Init pinv, alpha: 0.008, 1.000 / Estimate: 0.059, 0.749 / LogL: -34655.463
Init pinv, alpha: 0.017, 1.000 / Estimate: 0.059, 0.749 / LogL: -34655.463
Init pinv, alpha: 0.025, 1.000 / Estimate: 0.059, 0.749 / LogL: -34655.463
Init pinv, alpha: 0.033, 1.000 / Estimate: 0.060, 0.753 / LogL: -34655.459
Init pinv, alpha: 0.042, 1.000 / Estimate: 0.060, 0.754 / LogL: -34655.460
Init pinv, alpha: 0.050, 1.000 / Estimate: 0.060, 0.755 / LogL: -34655.462
Init pinv, alpha: 0.058, 1.000 / Estimate: 0.060, 0.757 / LogL: -34655.465
Init pinv, alpha: 0.067, 1.000 / Estimate: 0.061, 0.758 / LogL: -34655.468
Init pinv, alpha: 0.075, 1.000 / Estimate: 0.060, 0.755 / LogL: -34655.462
Optimal pinv,alpha: 0.060, 0.753 / LogL: -34655.459

Parameters optimization took 7.982 sec
Wrote distance file to... 
Computing ML distances based on estimated model parameters...
Calculating distance matrix: done in 1.41397 secs using 792.7% CPU
Computing ML distances took 1.414922 sec (of wall-clock time) 11.211723 sec (of CPU time)
WARNING: Some pairwise ML distances are too long (saturated)
Setting up auxiliary I and S matrices: done in 0.00114393 secs using 437.6% CPU
Constructing RapidNJ tree: done in 0.0271831 secs using 762.9% CPU
Computing RapidNJ tree took 0.028513 sec (of wall-clock time) 0.213437 sec (of CPU time)
Log-likelihood of RapidNJ tree: -34947.181
--------------------------------------------------------------------
|             INITIALIZING CANDIDATE TREE SET                      |
--------------------------------------------------------------------
Generating 98 parsimony trees... 7.763 second
Computing log-likelihood of 98 initial trees ... 6.901 seconds
Current best score: -34598.931

Do NNI search on 20 best initial trees
Optimizing NNI: done in 2.28632 secs using 763.1% CPU
Estimate model parameters (epsilon = 0.100)
BETTER TREE FOUND at iteration 1: -34426.754
Optimizing NNI: done in 2.50588 secs using 781.2% CPU
Optimizing NNI: done in 2.52181 secs using 773.9% CPU
Optimizing NNI: done in 2.73442 secs using 785.8% CPU
Estimate model parameters (epsilon = 0.100)
BETTER TREE FOUND at iteration 4: -34384.934
Optimizing NNI: done in 3.28016 secs using 769.5% CPU
Optimizing NNI: done in 2.44176 secs using 783.5% CPU
Optimizing NNI: done in 2.72605 secs using 780% CPU
Optimizing NNI: done in 2.44969 secs using 789.2% CPU
Optimizing NNI: done in 2.10954 secs using 790.6% CPU
Optimizing NNI: done in 2.42617 secs using 788.9% CPU
Iteration 10 / LogL: -34454.996 / Time: 0h:0m:51s
Optimizing NNI: done in 3.05638 secs using 765.3% CPU
Optimizing NNI: done in 2.48975 secs using 789.6% CPU
Optimizing NNI: done in 2.37103 secs using 785.2% CPU
Optimizing NNI: done in 2.47316 secs using 790.9% CPU
Optimizing NNI: done in 3.43514 secs using 751.4% CPU
Optimizing NNI: done in 2.75232 secs using 783.4% CPU
Optimizing NNI: done in 3.44664 secs using 741.6% CPU
Optimizing NNI: done in 3.52326 secs using 739.5% CPU
Optimizing NNI: done in 2.57133 secs using 777.8% CPU
Optimizing NNI: done in 2.56402 secs using 789.3% CPU
Iteration 20 / LogL: -34432.604 / Time: 0h:1m:20s
Finish initializing candidate tree set (20)
Current best tree score: -34384.934 / CPU time: 69.634
Number of iterations: 20
--------------------------------------------------------------------
|               OPTIMIZING CANDIDATE TREE SET                      |
--------------------------------------------------------------------
Optimizing NNI: done in 2.49464 secs using 787.8% CPU
Optimizing NNI: done in 2.42155 secs using 789.2% CPU
Optimizing NNI: done in 2.43302 secs using 791.1% CPU
Optimizing NNI: done in 2.31667 secs using 794.5% CPU
Optimizing NNI: done in 2.61012 secs using 791.4% CPU
Optimizing NNI: done in 2.81117 secs using 790.3% CPU
Optimizing NNI: done in 2.4475 secs using 781.6% CPU
Optimizing NNI: done in 2.51034 secs using 781.9% CPU
Estimate model parameters (epsilon = 0.100)
BETTER TREE FOUND at iteration 28: -34381.052
Optimizing NNI: done in 2.34271 secs using 792.2% CPU
Optimizing NNI: done in 3.03328 secs using 795.1% CPU
Estimate model parameters (epsilon = 0.100)
BETTER TREE FOUND at iteration 30: -34380.102
Iteration 30 / LogL: -34380.102 / Time: 0h:1m:47s (0h:6m:8s left)
Optimizing NNI: done in 2.81455 secs using 784% CPU
Estimate model parameters (epsilon = 0.100)
BETTER TREE FOUND at iteration 31: -34374.283
Optimizing NNI: done in 3.50196 secs using 791.5% CPU
Optimizing NNI: done in 3.1356 secs using 792.2% CPU
Estimate model parameters (epsilon = 0.100)
BETTER TREE FOUND at iteration 33: -34364.607
Optimizing NNI: done in 3.29604 secs using 790.5% CPU
Optimizing NNI: done in 2.47031 secs using 790.5% CPU
Optimizing NNI: done in 2.77356 secs using 776.5% CPU
Optimizing NNI: done in 3.13817 secs using 783.1% CPU
Optimizing NNI: done in 2.1328 secs using 794.1% CPU
Optimizing NNI: done in 2.11176 secs using 792.7% CPU
Optimizing NNI: done in 1.87969 secs using 795.4% CPU
Iteration 40 / LogL: -34536.393 / Time: 0h:2m:14s (0h:5m:21s left)
Optimizing NNI: done in 3.21411 secs using 791.4% CPU
Optimizing NNI: done in 3.61139 secs using 767.6% CPU
Optimizing NNI: done in 3.14369 secs using 776.4% CPU
Optimizing NNI: done in 2.36179 secs using 772.8% CPU
Optimizing NNI: done in 3.13233 secs using 751.1% CPU
Estimate model parameters (epsilon = 0.100)
BETTER TREE FOUND at iteration 45: -34356.263
Optimizing NNI: done in 3.08942 secs using 776.9% CPU
Optimizing NNI: done in 2.41772 secs using 790.9% CPU
Optimizing NNI: done in 3.11954 secs using 705.9% CPU
Optimizing NNI: done in 2.53177 secs using 725.9% CPU
Optimizing NNI: done in 2.42908 secs using 782.7% CPU
Iteration 50 / LogL: -34380.207 / Time: 0h:2m:44s (0h:5m:18s left)
Log-likelihood cutoff on original alignment: -34474.106
Optimizing NNI: done in 2.9417 secs using 750.7% CPU
Optimizing NNI: done in 3.68296 secs using 747% CPU
Optimizing NNI: done in 3.13621 secs using 741.4% CPU
Estimate model parameters (epsilon = 0.100)
BETTER TREE FOUND at iteration 53: -34350.679
Optimizing NNI: done in 2.61615 secs using 761.6% CPU
Optimizing NNI: done in 4.92245 secs using 657.1% CPU
Optimizing NNI: done in 5.74264 secs using 522.5% CPU
Optimizing NNI: done in 6.61029 secs using 543.9% CPU
Optimizing NNI: done in 8.9643 secs using 455.7% CPU
Optimizing NNI: done in 5.92402 secs using 571.5% CPU
Optimizing NNI: done in 7.72688 secs using 558.7% CPU
Iteration 60 / LogL: -34380.283 / Time: 0h:3m:38s (0h:5m:44s left)
Optimizing NNI: done in 7.44541 secs using 528.6% CPU
Estimate model parameters (epsilon = 0.100)
BETTER TREE FOUND at iteration 61: -34346.766
Optimizing NNI: done in 4.79178 secs using 574.5% CPU
Optimizing NNI: done in 6.90583 secs using 535.1% CPU
Optimizing NNI: done in 7.81079 secs using 558.7% CPU
Optimizing NNI: done in 6.37504 secs using 596.9% CPU
Optimizing NNI: done in 3.77556 secs using 706.7% CPU
Optimizing NNI: done in 4.21545 secs using 690% CPU
Optimizing NNI: done in 4.31581 secs using 680.5% CPU
Optimizing NNI: done in 4.42248 secs using 679% CPU
Estimate model parameters (epsilon = 0.100)
BETTER TREE FOUND at iteration 69: -34340.022
Optimizing NNI: done in 4.29552 secs using 657.7% CPU
Iteration 70 / LogL: -34348.748 / Time: 0h:4m:33s (0h:6m:32s left)
Optimizing NNI: done in 3.398 secs using 697.2% CPU
Optimizing NNI: done in 4.22209 secs using 683.9% CPU
Optimizing NNI: done in 3.34928 secs using 698.1% CPU
Optimizing NNI: done in 3.31001 secs using 718.3% CPU
Optimizing NNI: done in 3.2935 secs using 738.4% CPU
Optimizing NNI: done in 3.73027 secs using 705.8% CPU
Estimate model parameters (epsilon = 0.100)
BETTER TREE FOUND at iteration 76: -34339.067
Optimizing NNI: done in 3.58247 secs using 703.3% CPU
Optimizing NNI: done in 3.99047 secs using 699.2% CPU
Optimizing NNI: done in 4.23716 secs using 701.2% CPU
Optimizing NNI: done in 4.36364 secs using 699.7% CPU
Iteration 80 / LogL: -34366.975 / Time: 0h:5m:11s (0h:6m:18s left)
Optimizing NNI: done in 3.62983 secs using 704.8% CPU
Optimizing NNI: done in 3.56191 secs using 707.8% CPU
Optimizing NNI: done in 2.77383 secs using 690.8% CPU
Optimizing NNI: done in 3.04671 secs using 725.7% CPU
Optimizing NNI: done in 2.94625 secs using 770.7% CPU
Optimizing NNI: done in 1.96594 secs using 786.4% CPU
Optimizing NNI: done in 2.86008 secs using 780.3% CPU
Optimizing NNI: done in 2.6177 secs using 778.5% CPU
Estimate model parameters (epsilon = 0.100)
BETTER TREE FOUND at iteration 88: -34336.659
Optimizing NNI: done in 2.14243 secs using 784.4% CPU
Optimizing NNI: done in 2.78113 secs using 780% CPU
Estimate model parameters (epsilon = 0.100)
BETTER TREE FOUND at iteration 90: -34333.607
Iteration 90 / LogL: -34333.607 / Time: 0h:5m:40s (0h:6m:22s left)
Optimizing NNI: done in 3.20161 secs using 774.2% CPU
Optimizing NNI: done in 2.3917 secs using 785.3% CPU
Optimizing NNI: done in 3.18569 secs using 783.6% CPU
Optimizing NNI: done in 2.96246 secs using 783.7% CPU
Optimizing NNI: done in 2.71654 secs using 789.1% CPU
Optimizing NNI: done in 2.76872 secs using 784.7% CPU
Estimate model parameters (epsilon = 0.100)
BETTER TREE FOUND at iteration 96: -34326.827
Optimizing NNI: done in 2.30711 secs using 786.2% CPU
Optimizing NNI: done in 2.62498 secs using 777.4% CPU
Optimizing NNI: done in 2.56438 secs using 789.6% CPU
Optimizing NNI: done in 2.27779 secs using 773.8% CPU
Iteration 100 / LogL: -34356.381 / Time: 0h:6m:10s (0h:5m:58s left)
Log-likelihood cutoff on original alignment: -34463.034
NOTE: Bootstrap correlation coefficient of split occurrence frequencies: 0.964
NOTE: UFBoot does not converge, continue at least 100 more iterations
Optimizing NNI: done in 2.71401 secs using 744.5% CPU
Optimizing NNI: done in 2.24299 secs using 782.3% CPU
Optimizing NNI: done in 2.41634 secs using 785.4% CPU
Optimizing NNI: done in 2.65048 secs using 769.5% CPU
Optimizing NNI: done in 1.54613 secs using 780.1% CPU
Optimizing NNI: done in 2.89507 secs using 774.8% CPU
Optimizing NNI: done in 2.28476 secs using 777.5% CPU
Optimizing NNI: done in 2.51679 secs using 784.1% CPU
Optimizing NNI: done in 2.84258 secs using 783.1% CPU
Optimizing NNI: done in 2.69907 secs using 714.5% CPU
Iteration 110 / LogL: -34348.151 / Time: 0h:6m:36s (0h:5m:27s left)
Optimizing NNI: done in 2.29697 secs using 786.9% CPU
Optimizing NNI: done in 2.47566 secs using 778.5% CPU
Optimizing NNI: done in 2.66691 secs using 784% CPU
Optimizing NNI: done in 2.46412 secs using 785.6% CPU
Optimizing NNI: done in 2.57191 secs using 785.3% CPU
Optimizing NNI: done in 1.92633 secs using 786.5% CPU
Optimizing NNI: done in 2.80083 secs using 785.1% CPU
Estimate model parameters (epsilon = 0.100)
BETTER TREE FOUND at iteration 117: -34326.144
Optimizing NNI: done in 2.60086 secs using 791.1% CPU
Optimizing NNI: done in 2.52637 secs using 773% CPU
Optimizing NNI: done in 2.28211 secs using 788.9% CPU
Iteration 120 / LogL: -34335.916 / Time: 0h:7m:1s (0h:5m:43s left)
Optimizing NNI: done in 3.03789 secs using 753.6% CPU
Optimizing NNI: done in 2.49613 secs using 774.3% CPU
Optimizing NNI: done in 3.04548 secs using 743.1% CPU
Optimizing NNI: done in 3.3676 secs using 699.6% CPU
Optimizing NNI: done in 2.35906 secs using 780.7% CPU
Optimizing NNI: done in 2.26994 secs using 782.5% CPU
Estimate model parameters (epsilon = 0.100)
BETTER TREE FOUND at iteration 126: -34322.771
Optimizing NNI: done in 2.46697 secs using 780.7% CPU
Optimizing NNI: done in 2.3296 secs using 789.3% CPU
Optimizing NNI: done in 2.56736 secs using 792.6% CPU
Optimizing NNI: done in 2.51957 secs using 789% CPU
Iteration 130 / LogL: -34334.188 / Time: 0h:7m:28s (0h:5m:33s left)
Optimizing NNI: done in 1.96125 secs using 788.8% CPU
Optimizing NNI: done in 2.78228 secs using 783.1% CPU
Optimizing NNI: done in 2.35343 secs using 790.2% CPU
Optimizing NNI: done in 3.04415 secs using 767.5% CPU
Optimizing NNI: done in 2.72367 secs using 773.5% CPU
Optimizing NNI: done in 2.19662 secs using 789.7% CPU
Optimizing NNI: done in 3.04363 secs using 789.7% CPU
Estimate model parameters (epsilon = 0.100)
BETTER TREE FOUND at iteration 137: -34321.242
Optimizing NNI: done in 2.29755 secs using 773.8% CPU
Optimizing NNI: done in 3.01393 secs using 741.3% CPU
Optimizing NNI: done in 2.689 secs using 740% CPU
Iteration 140 / LogL: -34331.904 / Time: 0h:7m:55s (0h:5m:31s left)
Optimizing NNI: done in 2.27403 secs using 786.5% CPU
Optimizing NNI: done in 2.23952 secs using 771% CPU
Optimizing NNI: done in 2.13153 secs using 787.3% CPU
Optimizing NNI: done in 2.68178 secs using 778.3% CPU
Optimizing NNI: done in 2.56129 secs using 781% CPU
Optimizing NNI: done in 2.25633 secs using 764% CPU
Optimizing NNI: done in 2.11737 secs using 785.2% CPU
Optimizing NNI: done in 2.48467 secs using 762.9% CPU
Optimizing NNI: done in 2.15736 secs using 781.5% CPU
Estimate model parameters (epsilon = 0.100)
BETTER TREE FOUND at iteration 149: -34319.373
Optimizing NNI: done in 2.57864 secs using 757.4% CPU
Iteration 150 / LogL: -34336.879 / Time: 0h:8m:19s (0h:5m:31s left)
Log-likelihood cutoff on original alignment: -34462.135
Optimizing NNI: done in 2.42121 secs using 765.2% CPU
Optimizing NNI: done in 2.45395 secs using 780.4% CPU
Optimizing NNI: done in 2.44349 secs using 787.1% CPU
Optimizing NNI: done in 2.6499 secs using 782.2% CPU
Optimizing NNI: done in 2.55651 secs using 779.2% CPU
Optimizing NNI: done in 2.52075 secs using 777.7% CPU
Optimizing NNI: done in 2.81283 secs using 780% CPU
Estimate model parameters (epsilon = 0.100)
BETTER TREE FOUND at iteration 157: -34314.611
Optimizing NNI: done in 2.66649 secs using 778% CPU
Optimizing NNI: done in 2.62453 secs using 789.6% CPU
Optimizing NNI: done in 2.35441 secs using 785.9% CPU
Iteration 160 / LogL: -34320.420 / Time: 0h:8m:46s (0h:5m:21s left)
Optimizing NNI: done in 2.39472 secs using 785.7% CPU
Optimizing NNI: done in 2.71695 secs using 779.2% CPU
Optimizing NNI: done in 2.41353 secs using 787.4% CPU
Optimizing NNI: done in 2.62479 secs using 789.1% CPU
Optimizing NNI: done in 3.26868 secs using 733% CPU
Optimizing NNI: done in 2.09243 secs using 790.7% CPU
Optimizing NNI: done in 3.17888 secs using 743% CPU
Optimizing NNI: done in 2.43571 secs using 772.2% CPU
Optimizing NNI: done in 3.07657 secs using 763.4% CPU
Optimizing NNI: done in 2.26942 secs using 783% CPU
Iteration 170 / LogL: -34345.203 / Time: 0h:9m:13s (0h:4m:45s left)
Optimizing NNI: done in 2.42742 secs using 776.1% CPU
Optimizing NNI: done in 2.42929 secs using 789.4% CPU
Optimizing NNI: done in 2.40757 secs using 785.2% CPU
Optimizing NNI: done in 2.80032 secs using 782.5% CPU
Optimizing NNI: done in 2.24158 secs using 788.6% CPU
Optimizing NNI: done in 2.44643 secs using 789.6% CPU
Optimizing NNI: done in 3.16665 secs using 726.1% CPU
Estimate model parameters (epsilon = 0.100)
BETTER TREE FOUND at iteration 177: -34312.040
Optimizing NNI: done in 2.93118 secs using 736.9% CPU
Optimizing NNI: done in 2.87077 secs using 786.1% CPU
Optimizing NNI: done in 2.57657 secs using 770.3% CPU
Iteration 180 / LogL: -34318.624 / Time: 0h:9m:40s (0h:5m:14s left)
Optimizing NNI: done in 3.00449 secs using 753.1% CPU
Optimizing NNI: done in 2.84644 secs using 762.2% CPU
Optimizing NNI: done in 2.87424 secs using 782.8% CPU
Optimizing NNI: done in 2.68658 secs using 780.8% CPU
Optimizing NNI: done in 2.54834 secs using 786.1% CPU
Optimizing NNI: done in 2.92987 secs using 787.6% CPU
Optimizing NNI: done in 2.31045 secs using 786.5% CPU
Optimizing NNI: done in 2.18675 secs using 784.9% CPU
Optimizing NNI: done in 2.52109 secs using 772.4% CPU
Optimizing NNI: done in 2.46476 secs using 789.1% CPU
Iteration 190 / LogL: -34312.516 / Time: 0h:10m:7s (0h:4m:39s left)
Optimizing NNI: done in 2.53838 secs using 775.9% CPU
Optimizing NNI: done in 1.83653 secs using 786.8% CPU
Optimizing NNI: done in 2.68142 secs using 786.4% CPU
Optimizing NNI: done in 2.46976 secs using 786.8% CPU
Optimizing NNI: done in 2.33288 secs using 785.3% CPU
Optimizing NNI: done in 2.44624 secs using 784% CPU
Optimizing NNI: done in 2.47246 secs using 753.5% CPU
Optimizing NNI: done in 2.90987 secs using 770.5% CPU
Optimizing NNI: done in 3.10804 secs using 784.4% CPU
Optimizing NNI: done in 1.95511 secs using 790.2% CPU
Iteration 200 / LogL: -34543.250 / Time: 0h:10m:33s (0h:4m:4s left)
Log-likelihood cutoff on original alignment: -34462.135
NOTE: Bootstrap correlation coefficient of split occurrence frequencies: 0.986
NOTE: UFBoot does not converge, continue at least 100 more iterations
Optimizing NNI: done in 2.95777 secs using 787.8% CPU
Optimizing NNI: done in 2.29204 secs using 794.2% CPU
Optimizing NNI: done in 2.58147 secs using 782% CPU
Optimizing NNI: done in 2.07369 secs using 793.2% CPU
Optimizing NNI: done in 2.66416 secs using 785% CPU
Optimizing NNI: done in 1.69552 secs using 787.9% CPU
Optimizing NNI: done in 2.72218 secs using 785.1% CPU
Optimizing NNI: done in 2.73827 secs using 784.8% CPU
Optimizing NNI: done in 2.21845 secs using 786.3% CPU
Optimizing NNI: done in 2.64984 secs using 787.9% CPU
Iteration 210 / LogL: -34384.294 / Time: 0h:10m:59s (0h:4m:43s left)
Optimizing NNI: done in 2.55018 secs using 786.6% CPU
Optimizing NNI: done in 2.59114 secs using 773.4% CPU
Optimizing NNI: done in 2.38285 secs using 783.1% CPU
Optimizing NNI: done in 2.32985 secs using 782.9% CPU
Optimizing NNI: done in 2.80384 secs using 735.6% CPU
Optimizing NNI: done in 2.66031 secs using 748.8% CPU
Optimizing NNI: done in 2.20365 secs using 779.1% CPU
Optimizing NNI: done in 3.03873 secs using 784.9% CPU
Optimizing NNI: done in 3.37109 secs using 653.1% CPU
Optimizing NNI: done in 3.21343 secs using 706.9% CPU
Iteration 220 / LogL: -34356.200 / Time: 0h:11m:26s (0h:4m:10s left)
Optimizing NNI: done in 2.99457 secs using 730.3% CPU
Optimizing NNI: done in 2.44897 secs using 781.6% CPU
Optimizing NNI: done in 2.54208 secs using 775.2% CPU
Optimizing NNI: done in 2.38561 secs using 763% CPU
Optimizing NNI: done in 2.23646 secs using 785.3% CPU
Optimizing NNI: done in 2.55047 secs using 779.2% CPU
Optimizing NNI: done in 2.20381 secs using 789.6% CPU
Optimizing NNI: done in 3.06508 secs using 780.9% CPU
Optimizing NNI: done in 2.021 secs using 785.5% CPU
Optimizing NNI: done in 2.92848 secs using 752% CPU
Iteration 230 / LogL: -34318.004 / Time: 0h:11m:52s (0h:3m:37s left)
Optimizing NNI: done in 2.50685 secs using 789.1% CPU
Optimizing NNI: done in 2.90045 secs using 777.4% CPU
Optimizing NNI: done in 2.19779 secs using 784.4% CPU
Optimizing NNI: done in 2.40823 secs using 788% CPU
Optimizing NNI: done in 2.26987 secs using 779.6% CPU
Optimizing NNI: done in 2.48851 secs using 792% CPU
Optimizing NNI: done in 2.18284 secs using 789.6% CPU
Optimizing NNI: done in 2.84173 secs using 766.4% CPU
Optimizing NNI: done in 2.30252 secs using 790.3% CPU
Optimizing NNI: done in 2.42115 secs using 785.4% CPU
Iteration 240 / LogL: -34320.635 / Time: 0h:12m:18s (0h:3m:5s left)
Optimizing NNI: done in 3.00255 secs using 790.5% CPU
Optimizing NNI: done in 2.6742 secs using 790.1% CPU
Optimizing NNI: done in 2.34232 secs using 788.4% CPU
Optimizing NNI: done in 2.48014 secs using 793% CPU
Optimizing NNI: done in 2.43103 secs using 783.7% CPU
Optimizing NNI: done in 2.97936 secs using 764.4% CPU
Optimizing NNI: done in 2.62647 secs using 781.9% CPU
Optimizing NNI: done in 2.64974 secs using 767.2% CPU
Optimizing NNI: done in 2.68327 secs using 779.2% CPU
Optimizing NNI: done in 2.75672 secs using 770.5% CPU
Iteration 250 / LogL: -34323.424 / Time: 0h:12m:45s (0h:2m:33s left)
Log-likelihood cutoff on original alignment: -34462.135
Optimizing NNI: done in 2.95168 secs using 770.6% CPU
Optimizing NNI: done in 2.64785 secs using 768.7% CPU
Optimizing NNI: done in 2.26539 secs using 783.2% CPU
Optimizing NNI: done in 2.79387 secs using 776.4% CPU
Optimizing NNI: done in 5.26238 secs using 567% CPU
Optimizing NNI: done in 2.95185 secs using 742.2% CPU
Optimizing NNI: done in 1.7734 secs using 780.3% CPU
Optimizing NNI: done in 2.64747 secs using 772.4% CPU
Estimate model parameters (epsilon = 0.100)
BETTER TREE FOUND at iteration 258: -34311.663
Optimizing NNI: done in 2.84947 secs using 777.2% CPU
Optimizing NNI: done in 2.36676 secs using 791% CPU
Iteration 260 / LogL: -34321.814 / Time: 0h:13m:15s (0h:5m:1s left)
Optimizing NNI: done in 2.26375 secs using 791% CPU
Optimizing NNI: done in 2.5511 secs using 780.3% CPU
Optimizing NNI: done in 2.37722 secs using 788.3% CPU
Optimizing NNI: done in 1.89006 secs using 790.3% CPU
Optimizing NNI: done in 2.43995 secs using 790.2% CPU
Optimizing NNI: done in 2.58407 secs using 780.8% CPU
Optimizing NNI: done in 2.45768 secs using 772.6% CPU
Optimizing NNI: done in 2.38252 secs using 782.7% CPU
Optimizing NNI: done in 3.0998 secs using 733.2% CPU
Optimizing NNI: done in 2.7363 secs using 769% CPU
Iteration 270 / LogL: -34336.433 / Time: 0h:13m:41s (0h:4m:28s left)
Optimizing NNI: done in 2.553 secs using 789.5% CPU
Optimizing NNI: done in 2.21033 secs using 791% CPU
Optimizing NNI: done in 2.3144 secs using 785.3% CPU
Optimizing NNI: done in 2.61947 secs using 786.4% CPU
Optimizing NNI: done in 2.43504 secs using 785.4% CPU
Optimizing NNI: done in 2.88368 secs using 788.4% CPU
Optimizing NNI: done in 3.2029 secs using 751.8% CPU
Optimizing NNI: done in 2.35699 secs using 765.5% CPU
Optimizing NNI: done in 2.81937 secs using 765.7% CPU
Optimizing NNI: done in 2.98684 secs using 784.6% CPU
Iteration 280 / LogL: -34317.555 / Time: 0h:14m:8s (0h:3m:57s left)
Optimizing NNI: done in 2.47119 secs using 769.1% CPU
Optimizing NNI: done in 2.65114 secs using 784.2% CPU
Optimizing NNI: done in 3.12407 secs using 736.1% CPU
Optimizing NNI: done in 2.68761 secs using 781.3% CPU
Optimizing NNI: done in 2.55873 secs using 785.5% CPU
Optimizing NNI: done in 2.90786 secs using 788.3% CPU
Optimizing NNI: done in 2.62286 secs using 784.2% CPU
Optimizing NNI: done in 2.22777 secs using 787% CPU
Optimizing NNI: done in 3.11676 secs using 776.4% CPU
Optimizing NNI: done in 3.26979 secs using 738.6% CPU
Iteration 290 / LogL: -34319.807 / Time: 0h:14m:36s (0h:3m:26s left)
Optimizing NNI: done in 2.30562 secs using 788.5% CPU
Optimizing NNI: done in 2.35658 secs using 780.5% CPU
Optimizing NNI: done in 2.96621 secs using 768.6% CPU
Optimizing NNI: done in 2.41484 secs using 766.4% CPU
Optimizing NNI: done in 3.08062 secs using 767.4% CPU
Optimizing NNI: done in 2.4731 secs using 783.8% CPU
Optimizing NNI: done in 2.08514 secs using 781.1% CPU
Optimizing NNI: done in 2.12047 secs using 791% CPU
Optimizing NNI: done in 2.7991 secs using 790.9% CPU
Optimizing NNI: done in 2.6402 secs using 782.1% CPU
Iteration 300 / LogL: -34325.338 / Time: 0h:15m:2s (0h:2m:55s left)
Log-likelihood cutoff on original alignment: -34462.135
NOTE: Bootstrap correlation coefficient of split occurrence frequencies: 0.986
NOTE: UFBoot does not converge, continue at least 100 more iterations
Optimizing NNI: done in 2.33093 secs using 776.7% CPU
Optimizing NNI: done in 2.27698 secs using 771.5% CPU
Estimate model parameters (epsilon = 0.100)
BETTER TREE FOUND at iteration 302: -34310.392
Optimizing NNI: done in 2.30903 secs using 773.4% CPU
Optimizing NNI: done in 2.13725 secs using 771.8% CPU
Optimizing NNI: done in 2.30769 secs using 781.4% CPU
Optimizing NNI: done in 2.23284 secs using 785.3% CPU
Optimizing NNI: done in 2.6911 secs using 776.5% CPU
Optimizing NNI: done in 3.07279 secs using 749.6% CPU
Optimizing NNI: done in 2.92013 secs using 769.7% CPU
Optimizing NNI: done in 2.55931 secs using 789.1% CPU
Iteration 310 / LogL: -34373.465 / Time: 0h:15m:29s (0h:4m:36s left)
Optimizing NNI: done in 2.26585 secs using 790% CPU
Optimizing NNI: done in 2.80531 secs using 759.9% CPU
Optimizing NNI: done in 2.71612 secs using 790.5% CPU
Optimizing NNI: done in 2.76841 secs using 785.6% CPU
Optimizing NNI: done in 2.51211 secs using 792.3% CPU
Optimizing NNI: done in 2.41021 secs using 768.9% CPU
Optimizing NNI: done in 2.91319 secs using 737.1% CPU
Optimizing NNI: done in 2.10116 secs using 784.6% CPU
Optimizing NNI: done in 2.48631 secs using 787% CPU
Optimizing NNI: done in 2.33408 secs using 787.8% CPU
Iteration 320 / LogL: -34336.294 / Time: 0h:15m:55s (0h:4m:5s left)
Optimizing NNI: done in 2.80664 secs using 782.1% CPU
Optimizing NNI: done in 2.17243 secs using 792.2% CPU
Optimizing NNI: done in 3.26761 secs using 728.2% CPU
Optimizing NNI: done in 2.3102 secs using 789.7% CPU
Optimizing NNI: done in 2.58055 secs using 768.7% CPU
Optimizing NNI: done in 2.90458 secs using 764.2% CPU
Optimizing NNI: done in 2.80899 secs using 771.6% CPU
Optimizing NNI: done in 2.55142 secs using 790.3% CPU
Optimizing NNI: done in 2.50827 secs using 775% CPU
Optimizing NNI: done in 2.43016 secs using 775.3% CPU
Iteration 330 / LogL: -34314.892 / Time: 0h:16m:23s (0h:3m:35s left)
Optimizing NNI: done in 2.35311 secs using 783.5% CPU
Optimizing NNI: done in 2.47782 secs using 785.1% CPU
Optimizing NNI: done in 2.58297 secs using 788.2% CPU
Optimizing NNI: done in 2.51946 secs using 732.8% CPU
Optimizing NNI: done in 2.7044 secs using 775.1% CPU
Optimizing NNI: done in 2.91818 secs using 781.7% CPU
Optimizing NNI: done in 2.6005 secs using 787.9% CPU
Optimizing NNI: done in 2.34065 secs using 787.7% CPU
Optimizing NNI: done in 2.45011 secs using 788.2% CPU
Optimizing NNI: done in 2.38612 secs using 787.6% CPU
Iteration 340 / LogL: -34346.239 / Time: 0h:16m:49s (0h:3m:4s left)
Optimizing NNI: done in 1.95786 secs using 787.4% CPU
Optimizing NNI: done in 2.66051 secs using 762.7% CPU
Optimizing NNI: done in 2.74291 secs using 768.7% CPU
Optimizing NNI: done in 2.62233 secs using 768.7% CPU
Optimizing NNI: done in 2.32439 secs using 764.6% CPU
Optimizing NNI: done in 2.86179 secs using 743.1% CPU
Optimizing NNI: done in 3.19107 secs using 737.6% CPU
Optimizing NNI: done in 2.99345 secs using 770% CPU
Optimizing NNI: done in 2.77989 secs using 772.7% CPU
Optimizing NNI: done in 2.43857 secs using 771% CPU
Iteration 350 / LogL: -34358.753 / Time: 0h:17m:16s (0h:2m:34s left)
Log-likelihood cutoff on original alignment: -34462.135
Optimizing NNI: done in 3.27992 secs using 718.9% CPU
Optimizing NNI: done in 1.94057 secs using 782.8% CPU
Optimizing NNI: done in 2.34189 secs using 788.6% CPU
Optimizing NNI: done in 2.45699 secs using 788.7% CPU
Optimizing NNI: done in 2.4751 secs using 787.3% CPU
Optimizing NNI: done in 2.83974 secs using 768.4% CPU
Optimizing NNI: done in 2.57467 secs using 761.5% CPU
Optimizing NNI: done in 2.43953 secs using 773.4% CPU
Optimizing NNI: done in 2.49994 secs using 784.1% CPU
Optimizing NNI: done in 2.33167 secs using 789.9% CPU
Iteration 360 / LogL: -34330.412 / Time: 0h:17m:43s (0h:2m:4s left)
Optimizing NNI: done in 2.4366 secs using 790.4% CPU
Optimizing NNI: done in 2.4654 secs using 787.4% CPU
Optimizing NNI: done in 2.43253 secs using 786.5% CPU
Optimizing NNI: done in 2.20954 secs using 785.3% CPU
Optimizing NNI: done in 2.59293 secs using 783.6% CPU
Optimizing NNI: done in 2.23137 secs using 785% CPU
Optimizing NNI: done in 2.55212 secs using 784.7% CPU
Optimizing NNI: done in 3.39331 secs using 733.5% CPU
Optimizing NNI: done in 2.54693 secs using 777.7% CPU
Optimizing NNI: done in 3.78139 secs using 767.3% CPU
Iteration 370 / LogL: -34324.384 / Time: 0h:18m:11s (0h:1m:34s left)
Optimizing NNI: done in 2.3229 secs using 782.5% CPU
Optimizing NNI: done in 2.75395 secs using 780.2% CPU
Optimizing NNI: done in 2.41762 secs using 792% CPU
Optimizing NNI: done in 2.61683 secs using 784.3% CPU
Optimizing NNI: done in 2.64865 secs using 739.9% CPU
Optimizing NNI: done in 2.7727 secs using 778.9% CPU
Optimizing NNI: done in 1.87773 secs using 793.1% CPU
Optimizing NNI: done in 1.89392 secs using 788.7% CPU
Optimizing NNI: done in 2.03024 secs using 789.7% CPU
Optimizing NNI: done in 2.52905 secs using 770.7% CPU
Iteration 380 / LogL: -34409.077 / Time: 0h:18m:36s (0h:1m:4s left)
Optimizing NNI: done in 2.58222 secs using 768.3% CPU
Optimizing NNI: done in 2.80847 secs using 751.7% CPU
Optimizing NNI: done in 2.82691 secs using 767.2% CPU
Optimizing NNI: done in 2.45516 secs using 771% CPU
Optimizing NNI: done in 2.24449 secs using 787.5% CPU
Optimizing NNI: done in 2.31704 secs using 778.6% CPU
Optimizing NNI: done in 2.61099 secs using 768.7% CPU
Optimizing NNI: done in 2.80666 secs using 763% CPU
Optimizing NNI: done in 2.70006 secs using 760.7% CPU
Optimizing NNI: done in 2.84738 secs using 767.4% CPU
Iteration 390 / LogL: -34334.373 / Time: 0h:19m:3s (0h:0m:35s left)
Optimizing NNI: done in 3.21936 secs using 734.5% CPU
Optimizing NNI: done in 3.40918 secs using 720.4% CPU
Optimizing NNI: done in 2.53908 secs using 776.5% CPU
Optimizing NNI: done in 2.89803 secs using 761.5% CPU
Optimizing NNI: done in 2.27647 secs using 776.7% CPU
Optimizing NNI: done in 2.15312 secs using 783.4% CPU
Optimizing NNI: done in 2.83042 secs using 789.5% CPU
Optimizing NNI: done in 2.58314 secs using 785.4% CPU
Optimizing NNI: done in 2.34134 secs using 779.1% CPU
Optimizing NNI: done in 3.04787 secs using 786.2% CPU
Iteration 400 / LogL: -34331.318 / Time: 0h:19m:31s (0h:0m:5s left)
Log-likelihood cutoff on original alignment: -34462.135
NOTE: Bootstrap correlation coefficient of split occurrence frequencies: 0.996
Optimizing NNI: done in 2.39401 secs using 788.3% CPU
Optimizing NNI: done in 2.95873 secs using 734.4% CPU
Optimizing NNI: done in 2.07346 secs using 791.1% CPU
TREE SEARCH COMPLETED AFTER 403 ITERATIONS / Time: 0h:19m:40s

--------------------------------------------------------------------
|                    FINALIZING TREE SEARCH                        |
--------------------------------------------------------------------
Performs final model parameters optimization
Estimate model parameters (epsilon = 0.010)
1. Initial log-likelihood: -34310.392
Optimal log-likelihood: -34310.381
Proportion of invariable sites: 0.071
Gamma shape alpha: 0.962
Parameters optimization took 1 rounds (0.149 sec)
BEST SCORE FOUND : -34310.381
Creating bootstrap support values...
Split supports printed to NEXUS file ./DIT1_PvcA_crm_domains_gappyout.fas.splits.nex
Total tree length: 43.799

Total number of iterations: 403
CPU time used for tree search: 8729.126 sec (2h:25m:29s)
Wall-clock time used for tree search: 1169.246 sec (0h:19m:29s)
Total CPU time used: 8819.142 sec (2h:26m:59s)
Total wall-clock time used: 1181.382 sec (0h:19m:41s)

Computing bootstrap consensus tree...
Reading input file ./DIT1_PvcA_crm_domains_gappyout.fas.splits.nex...
415 taxa and 2682 splits.
Consensus tree written to ./DIT1_PvcA_crm_domains_gappyout.fas.contree
Reading input trees file ./DIT1_PvcA_crm_domains_gappyout.fas.contree
Log-likelihood of consensus tree: -34311.663

Analysis results written to: 
  IQ-TREE report:                ./DIT1_PvcA_crm_domains_gappyout.fas.iqtree
  Maximum-likelihood tree:       ./DIT1_PvcA_crm_domains_gappyout.fas.treefile
  Likelihood distances:          ./DIT1_PvcA_crm_domains_gappyout.fas.mldist

Ultrafast bootstrap approximation results written to:
  Split support values:          ./DIT1_PvcA_crm_domains_gappyout.fas.splits.nex
  Consensus tree:                ./DIT1_PvcA_crm_domains_gappyout.fas.contree
  Screen log file:               ./DIT1_PvcA_crm_domains_gappyout.fas.log

ALISIM COMMAND
--------------
--alisim simulated_MSA -t ./DIT1_PvcA_crm_domains_gappyout.fas.treefile -m "Q.plant+I{0.0714219}+G4{0.9616}" --length 266

Date and Time: Mon Jan 12 12:00:49 2026
