IQ-TREE multicore version 2.2.0 COVID-edition for Mac OS X 64-bit built Jun  1 2022
Developed by Bui Quang Minh, James Barbetti, Nguyen Lam Tung,
Olga Chernomor, Heiko Schmidt, Dominik Schrempf, Michael Woodhams, Ly Trong Nhan.

Host:    SSITMMI-NKLAB12.local (SSE4.2, 32 GB RAM)
Command: iqtree2 -s ./DIT1_PvcA_crm_domains_gt0-1.fas -m Q.plant+I+G4 -T 8 --ufboot 1000 -safe
Seed:    491296 (Using SPRNG - Scalable Parallel Random Number Generator)
Time:    Mon Jan 12 12:00:49 2026
Kernel:  Safe SSE2 - 8 threads (12 CPU cores detected)

Reading alignment file ./DIT1_PvcA_crm_domains_gt0-1.fas ... Fasta format detected
Reading fasta file: done in 0.00560999 secs using 31.25% CPU
Alignment most likely contains protein sequences
Constructing alignment: done in 0.0011971 secs using 731.1% CPU
Alignment has 422 sequences with 274 columns, 272 distinct patterns
234 parsimony-informative, 20 singleton sites, 20 constant sites
                                                       Gap/Ambiguity  Composition  p-value
Analyzing sequences: done in 0.000108957 secs using 521.3% CPU
   1  Agyrium_rufum_FUN_008167_ICS                             1.82%    passed    100.00%
   2  Agyrium_rufum_MCJ1312423.1_ICS                          37.96%    passed     75.07%
   3  Agyrium_rufum_MCJ1314532.1_ICS                           1.82%    passed    100.00%
   4  Akanthomyces_lecanii_OAA72981.1_ICS                      1.46%    passed     97.73%
   5  Alectoria_fallacina_ICS                                 73.72%    passed     30.95%
   6  Alternaria_alternata_OWY45736.1_ICS                      1.09%    passed     97.20%
   7  Alternaria_arborescens_XP_028501020.1_ICS                1.09%    passed     97.01%
   8  Alternaria_arbusti_KAI4940317.1_ICS                      1.46%    passed     99.93%
   9  Alternaria_atra_XP_043172905.1_ICS                       1.09%    passed     99.72%
  10  Alternaria_burnsii_XP_038781501.1_ICS                    1.09%    passed     96.86%
  11  Alternaria_conjuncta_KAI4912347.1_ICS                    1.46%    passed     99.95%
  12  Alternaria_ethzedia_XP_049228601.1_ICS                   1.46%    passed     99.92%
  13  Alternaria_gaisen_KAB2098972.1_ICS                       1.09%    passed     98.44%
  14  Alternaria_hordeiaustralica_XP_049239373.1_ICS           1.46%    passed     99.93%
  15  Alternaria_incomplexa_KAI4906425.1_ICS                   1.46%    passed     99.93%
  16  Alternaria_infectoria_KAI4912202.1_ICS                   1.46%    passed     99.93%
  17  Alternaria_metachromatica_XP_049184125.1_ICS             1.46%    passed     99.91%
  18  Alternaria_novaezelandiae_XP_049249900.1_ICS             1.46%    passed     99.93%
  19  Alternaria_panax_KAG9185431.1_ICS                       27.01%    passed     95.14%
  20  Alternaria_postmessia_KAI5365607.1_ICS                   1.09%    passed     96.56%
  21  Alternaria_rosae_XP_046029353.1_ICS                      1.46%    passed     99.79%
  22  Alternaria_sp_Ai002NY15_KAI4703537.1_ICS                35.77%    passed     99.32%
  23  Alternaria_sp_BMP_0032_KAI4606514.1_ICS                  1.46%    passed     99.93%
  24  Alternaria_sp_BMP_2799_KAI4676254.1_ICS                  1.46%    passed     99.96%
  25  Alternaria_sp_MG1_RII22453.1_ICS                         1.09%    passed     96.86%
  26  Alternaria_tenuissima_RYN54236.1_ICS                     1.09%    passed     99.26%
  27  Alternaria_triticimaculans_XP_049219272.1_ICS            1.46%    passed     99.91%
  28  Alternaria_ventricosa_XP_049202952.1_ICS                 1.46%    passed     99.93%
  29  Alternaria_viburni_XP_049205494.1_ICS                    1.46%    passed     99.94%
  30  Amniculicola_lignicola_KAF2001389.1_ICS                  1.82%    passed     99.55%
  31  Ampelomyces_quisqualis_KAF1919508.1_ICS                  3.28%    passed     99.92%
  32  Aplosporella_prunicola_XP_033402121.1_ICS                5.84%    passed     46.83%
  33  Arctoparmelia_centrifuga_FUN_011191_ICS                  2.92%    passed    100.00%
  34  Arthroderma_uncinatum_XP_033408357.1_ICS                 1.46%    passed    100.00%
  35  Ascochyta_lentis_KAF9691933.1_ICS                        1.46%    passed     86.06%
  36  Aspergillus_carbonarius_OOF98727.1_ICS                   2.55%    passed     96.28%
  37  Aspergillus_fischeri_EAW21206.1_ICS                      4.38%    passed     99.98%
  38  Aspergillus_fumigatiaffinis_KAF4248699.1_ICS             1.46%    passed     99.94%
  39  Aspergillus_fumigatus_XP_754255.1_ICS                    4.38%    passed     99.93%
  40  Aspergillus_hiratsukae_KAF7133698.1_ICS                  1.46%    passed     99.74%
  41  Aspergillus_lentulus_GFF71240.1_ICS                      1.46%    passed     99.98%
  42  Aspergillus_ochraceoroseus_PTU19038.1_ICS                1.82%    passed     99.99%
  43  Aspergillus_rambellii_KKK24685.1_ICS                     1.82%    passed     99.99%
  44  Aspergillus_sclerotiicarbonarius_PYI03572.1_ICS          4.74%    passed     97.80%
  45  Aspergillus_sclerotioniger_XP_025466311.1_ICS            1.46%    passed     99.99%
  46  Aspergillus_tanneri_XP_033424409.1_ICS                   1.09%    passed     87.25%
  47  Aspergillus_thermomutatus_RHZ54872.1_ICS                 1.46%    passed     99.97%
  48  Aspergillus_turcosus_RHZ63003.1_ICS                      1.46%    passed     99.96%
  49  Astrocystis_sublimbata_KAI0188862.1_ICS                  1.46%    passed     99.99%
  50  Aulographum_hederae_KAF1982045.1_ICS                     1.82%    passed    100.00%
  51  Bacidia_gigantensis_XP_044664481.1_ICS                   1.82%    passed     97.47%
  52  Beauveria_bassiana_PQK13146.1_ICS                        2.19%    passed     99.85%
  53  Beauveria_brongniartii_OAA35483.1_ICS                    1.46%    passed     99.75%
  54  Bipolaris_maydis_XP_014072682.1_ICS                      1.46%    passed    100.00%
  55  Bipolaris_oryzae_XP_007692129.1_ICS                      1.46%    passed     99.97%
  56  Bipolaris_sorokiniana_XP_007696074.1_ICS                 1.46%    passed    100.00%
  57  Bipolaris_victoriae_XP_014558639.1_ICS                   1.46%    passed     99.92%
  58  Bipolaris_zeicola_XP_007717065.1_ICS                     1.46%    passed     99.92%
  59  Bipolaris_zeicola_XP_007718658.1_ICS                     1.46%    passed     99.56%
  60  Boeremia_exigua_KAH6629308.1_ICS                         2.55%    passed     96.74%
  61  Botryotinia_calthae_TEY43688.1_ICS                       1.46%    passed     86.97%
  62  Botryotinia_convoluta_TGO48987.1_ICS                     1.46%    passed     95.27%
  63  Botryotinia_narcissicola_TGO50028.1_ICS                  1.46%    passed     96.13%
  64  Botrytis_aclada_KAF7954133.1_ICS                         1.82%    passed     88.51%
  65  Botrytis_byssoidea_XP_038727222.1_ICS                    1.46%    passed     95.86%
  66  Botrytis_cinerea_EMR88390.1_ICS                          1.46%    passed     90.87%
  67  Botrytis_deweyae_XP_038805538.1_ICS                      1.46%    passed     96.56%
  68  Botrytis_elliptica_TGO64075.1_ICS                        1.46%    passed     95.44%
  69  Botrytis_fragariae_XP_037195849.1_ICS                    1.46%    passed     97.99%
  70  Botrytis_galanthina_THV48776.1_ICS                       2.92%    passed     94.81%
  71  Botrytis_hyacinthi_TGO36230.1_ICS                        1.46%    passed     92.27%
  72  Botrytis_paeoniae_TGO22376.1_ICS                         1.46%    passed     88.11%
  73  Botrytis_porri_XP_038772455.1_ICS                        4.38%    passed     69.89%
  74  Botrytis_sinoallii_XP_038762200.1_ICS                    1.46%    passed     99.75%
  75  Botrytis_squamosa_KAF7858335.1_ICS                       1.46%    passed     95.44%
  76  Botrytis_tulipae_TGO16560.1_ICS                          1.46%    passed     94.78%
  77  Caloplaca_aegaea_KAI4289415.1_ICS                        2.19%    passed     99.73%
  78  Caloplaca_aetnensis_KAI4176559.1_ICS                    28.10%    passed     95.98%
  79  Calycina_marina_KAG9241247.1_ICS                         3.28%    passed     94.43%
  80  Canoparmelia_nairobiensis_ICS                            3.28%    passed    100.00%
  81  Canoparmelia_texana_FUN_006845_ICS                      73.72%    passed     94.28%
  82  Capronia_epimyces_XP_007733780.1_ICS                    27.01%    passed     83.45%
  83  Cenococcum_geophilum_OCK97870.1_ICS                      1.46%    passed    100.00%
  84  Cercospora_zeaemaydis_KAF2216499.1_ICS                  39.78%    passed     96.17%
  85  Chaenotheca_gracillima_ICS                               3.28%    passed     99.46%
  86  Chaetothyriales_sp_CBS_134920_RMD43204.1_ICS             1.46%    passed     99.98%
  87  Chaetothyriales_sp_CBS_135597_RMZ77957.1_ICS             1.46%    passed     99.99%
  88  Chalara_longipes_KAE9367491.1_ICS                        1.46%    passed     98.94%
  89  Chalara_longipes_KAE9374074.1_ICS                        2.92%    passed     99.69%
  90  Cladonia_grayi_ICS                                      29.93%    passed     94.93%
  91  Cladonia_rangiferina_FUN_002344_ICS                     25.55%    passed     99.64%
  92  Cladophialophora_carrionii_ETI29379.1_ICS                1.46%    passed     99.95%
  93  Cladophialophora_psammophila_XP_007744155.1_ICS          2.19%    passed     99.97%
  94  Clathrospora_elynae_KAF1934949.1_ICS                     1.46%    passed    100.00%
  95  Clathrospora_elynae_KAF1945054.1_ICS                     1.09%    passed     99.67%
  96  Clohesyomyces_aquaticus_ORY16214.1_ICS                   1.46%    passed     95.60%
  97  Clonostachys_byssicola_CAG9975143.1_ICS                  1.09%    passed     97.61%
  98  Clonostachys_byssicola_CAG9975145.1_ICS                  1.82%    passed     99.73%
  99  Clonostachys_byssicola_CAG9985190.1_ICS                  1.46%    passed     96.38%
 100  Clonostachys_rhizophaga_CAH0016865.1_ICS                 1.46%    passed     96.20%
 101  Clonostachys_rhizophaga_CAH0023177.1_ICS                 1.09%    passed     94.13%
 102  Clonostachys_rhizophaga_CAH0023179.1_ICS                 1.82%    passed     99.76%
 103  Clonostachys_rosea_VUC22207.1_ICS                        1.46%    passed     93.26%
 104  Clonostachys_rosea_VUC29925.1_ICS                        1.46%    passed     98.91%
 105  Clonostachys_rosea_VUC29926.1_ICS                        1.09%    passed     94.89%
 106  Clonostachys_solani_CAH0048199.1_ICS                     1.46%    passed     97.87%
 107  Clonostachys_solani_CAH0051384.1_ICS                     1.46%    passed     99.51%
 108  Clonostachys_solani_CAH0051386.1_ICS                     1.46%    passed     98.98%
 109  Coccidioides_immitis_TPX20325.1_ICS                      1.09%    passed     87.86%
 110  Coccidioides_posadasii_XP_003072100.1_ICS                1.09%    passed     90.45%
 111  Colletotrichum_abscissum_KAI3559024.1_ICS                2.92%    passed     99.92%
 112  Colletotrichum_aenigma_XP_037172021.1_ICS                1.46%    passed     99.69%
 113  Colletotrichum_asianum_KAF0327436.1_ICS                  1.46%    passed     99.81%
 114  Colletotrichum_camelliae_KAH0423460.1_ICS                1.46%    passed     99.78%
 115  Colletotrichum_chlorophyti_OLN87994.1_ICS               27.37%    passed     97.90%
 116  Colletotrichum_filicis_KAI3528183.1_ICS                  5.11%    passed     99.99%
 117  Colletotrichum_fructicola_KAF4476606.1_ICS               1.46%    passed     99.58%
 118  Colletotrichum_gloeosporioides_KAH9232577.1_ICS          1.46%    passed     99.41%
 119  Colletotrichum_lupini_XP_049153018.1_ICS                 5.11%    passed     99.99%
 120  Colletotrichum_orbiculare_TDZ16871.1_ICS                18.61%    passed     99.07%
 121  Colletotrichum_siamense_KAF4852209.1_ICS                 1.46%    passed     99.71%
 122  Colletotrichum_simmondsii_KXH33807.1_ICS                30.29%    passed     92.86%
 123  Colletotrichum_spinosum_TDZ36803.1_ICS                  27.01%    passed     94.71%
 124  Colletotrichum_trifolii_TDZ36449.1_ICS                   2.92%    passed     99.00%
 125  Colletotrichum_tropicale_KAF4818126.1_ICS                1.46%    passed     99.56%
 126  Colletotrichum_viniferum_KAF4900572.1_ICS                1.46%    passed     99.53%
 127  Cordyceps_fumosorosea_XP_018700494.1_ICS                 1.09%    passed     99.76%
 128  Cordyceps_javanica_TQW02302.1_ICS                        1.46%    passed     99.92%
 129  Cordyceps_militaris_EGX88288.1_ICS                       1.46%    passed     99.82%
 130  Cornicularia_nomoerica_ICS                               2.92%    passed     99.98%
 131  Corynespora_cassiicola_PSN59019.1_ICS                   62.41%    passed     91.04%
 132  Corynespora_cassiicola_PSN69555.1_ICS                    1.82%    passed     99.99%
 133  Curvularia_clavata_USP76830.1_ICS                        1.46%    passed     99.94%
 134  Cylindrodendrum_hubeiense_KAF7551255.1_ICS               1.82%    passed     99.99%
 135  Cylindrodendrum_hubeiense_KAF7552327.1_ICS               1.46%    passed     90.58%
 136  Cylindrodendrum_hubeiense_KAF7556944.1_ICS               4.38%    passed     99.74%
 137  Dactylonectria_estremocensis_KAH7129550.1_ICS            0.73%    passed     99.99%
 138  Dactylonectria_estremocensis_KAH7140155.1_ICS            1.46%    passed     96.26%
 139  Dactylonectria_macrodidyma_KAH7123085.1_ICS              0.73%    passed     99.95%
 140  Dactylonectria_macrodidyma_KAH7166366.1_ICS              1.46%    passed     99.67%
 141  Didymosphaeria_enalia_KAF2258812.1_ICS                   1.46%    passed    100.00%
 142  Didymosphaeria_enalia_KAF2270327.1_ICS                   1.46%    passed     99.97%
 143  Emericellopsis_atlantica_KAG9253419.1_ICS                1.46%    passed     99.78%
 144  Emericellopsis_cladophorae_KAI6779256.1_ICS              1.46%    passed     99.82%
 145  Epichloe_festucae_QPG98315.1_ICS                         2.55%    passed     99.61%
 146  Eutypa_lata_KAI1249352.1_ICS                             1.09%    passed     99.99%
 147  Evernia_prunastri_ICS                                    1.46%    passed     99.51%
 148  Exophiala_aquamarina_XP_013253685.1_ICS                 27.74%    passed     93.42%
 149  Exophiala_oligosperma_XP_016263409.1_ICS                 2.19%    passed     99.87%
 150  Exophiala_oligosperma_XP_016263410.1_ICS                 2.19%    passed     99.87%
 151  Exophiala_oligosperma_XP_016263411.1_ICS                35.04%    passed     86.53%
 152  Exserohilum_turcicum_XP_008020935.1_ICS                  1.46%    passed     98.42%
 153  Exserohilum_turcicum_XP_008022453.1_ICS                  2.92%    passed     98.42%
 154  Fonsecaea_monophora_XP_022517428.1_ICS                   3.28%    passed     99.92%
 155  Fonsecaea_nubica_XP_022496746.1_ICS                      3.28%    passed     99.86%
 156  Fonsecaea_pedrosoi_KIW83142.1_ICS                        2.19%    passed     99.94%
 157  Fusarium_agapanthi_KAF4500681.1_ICS                      2.92%    passed     99.93%
 158  Fusarium_albosuccineum_KAF4446553.1_ICS                  1.46%    passed    100.00%
 159  Fusarium_albosuccineum_KAF4463403.1_ICS                 29.56%    passed     97.66%
 160  Fusarium_albosuccineum_KAF4467009.1_ICS                  2.55%    passed     99.98%
 161  Fusarium_annulatum_KAI1064557.1_ICS                      2.92%    passed     99.99%
 162  Fusarium_annulatum_KAI1066448.1_ICS                      2.92%    passed     91.87%
 163  Fusarium_anthophilum_KAF5249351.1_ICS                    2.92%    passed     98.39%
 164  Fusarium_anthophilum_KAF5250788.1_ICS                   32.12%    passed     99.83%
 165  Fusarium_anthophilum_KAF5254628.1_ICS                    3.65%    passed     99.89%
 166  Fusarium_austroafricanum_KAF4454196.1_ICS                1.46%    passed     99.99%
 167  Fusarium_austroamericanum_KAF5236166.1_ICS               2.92%    passed     99.94%
 168  Fusarium_austroamericanum_KAF5238438.1_ICS               5.11%    passed     92.96%
 169  Fusarium_beomiforme_KAF4345084.1_ICS                     2.92%    passed     99.97%
 170  Fusarium_bulbicola_KAF5977410.1_ICS                     55.47%    passed     96.16%
 171  Fusarium_bulbicola_KAF5979540.1_ICS                      3.65%    passed     99.91%
 172  Fusarium_bulbicola_KAF5980293.1_ICS                      2.92%    passed     99.23%
 173  Fusarium_chuoi_KAI1016346.1_ICS                          2.92%    passed     97.35%
 174  Fusarium_chuoi_KAI1018634.1_ICS                         31.02%    passed     99.67%
 175  Fusarium_chuoi_KAI1021067.1_ICS                          2.92%    passed    100.00%
 176  Fusarium_circinatum_KAF5663859.1_ICS                     2.92%    passed     97.83%
 177  Fusarium_circinatum_KAF5686003.1_ICS                     2.92%    passed     99.54%
 178  Fusarium_circinatum_KAF5691721.1_ICS                    36.50%    passed     98.67%
 179  Fusarium_coffeatum_XP_031013535.1_ICS                    1.82%    passed     83.34%
 180  Fusarium_coffeatum_XP_031016707.1_ICS                    2.55%    passed     92.90%
 181  Fusarium_coicis_KAF5981078.1_ICS                         1.82%    passed     99.99%
 182  Fusarium_culmorum_PTD02183.1_ICS                         2.92%    passed     98.59%
 183  Fusarium_culmorum_PTD07808.1_ICS                         2.92%    passed     95.57%
 184  Fusarium_decemcellulare_KAF4986365.1_ICS                 2.55%    passed     99.58%
 185  Fusarium_decemcellulare_KAF4996083.1_ICS                31.75%    passed     99.88%
 186  Fusarium_decemcellulare_KAF5013928.1_ICS                 1.46%    passed    100.00%
 187  Fusarium_denticulatum_KAF5685303.1_ICS                   2.92%    passed     98.24%
 188  Fusarium_denticulatum_KAF5687171.1_ICS                  31.75%    passed     99.04%
 189  Fusarium_denticulatum_KAF5695109.1_ICS                   1.82%    passed    100.00%
 190  Fusarium_equiseti_CAG7559789.1_ICS                       2.55%    passed     98.67%
 191  Fusarium_equiseti_CAG7566245.1_ICS                       1.82%    passed     90.11%
 192  Fusarium_euwallaceae_RTE69455.1_ICS                      2.55%    passed     99.46%
 193  Fusarium_flagelliforme_RFN52729.1_ICS                    2.55%    passed     93.96%
 194  Fusarium_floridanum_RSL42173.1_ICS                       2.55%    passed     99.46%
 195  Fusarium_fujikuroi_QGI70076.1_ICS                        2.92%    passed     99.99%
 196  Fusarium_fujikuroi_QGI70962.1_ICS                       29.20%    passed     97.19%
 197  Fusarium_gaditjirri_KAF4961245.1_ICS                     2.92%    passed     99.85%
 198  Fusarium_gaditjirri_KAF4961576.1_ICS                     2.92%    passed     99.95%
 199  Fusarium_globosum_KAF5707539.1_ICS                       2.92%    passed    100.00%
 200  Fusarium_globosum_KAF5716866.1_ICS                       2.92%    passed     96.35%
 201  Fusarium_graminearum_CEF76457.1_ICS                      2.92%    passed     98.70%
 202  Fusarium_graminearum_CEF78593.1_ICS                      2.92%    passed     95.85%
 203  Fusarium_graminum_KAF4996655.1_ICS                       2.92%    passed     94.72%
 204  Fusarium_heterosporum_KAF5670104.1_ICS                  20.07%    passed     99.74%
 205  Fusarium_kuroshium_RMJ02431.1_ICS                        2.55%    passed     99.46%
 206  Fusarium_langsethiae_GKU05918.1_ICS                      2.55%    passed     95.61%
 207  Fusarium_langsethiae_GKU06934.1_ICS                      2.92%    passed     99.34%
 208  Fusarium_langsethiae_GKU06935.1_ICS                      4.01%    passed     99.71%
 209  Fusarium_langsethiae_GKU06936.1_ICS                      4.01%    passed     99.71%
 210  Fusarium_langsethiae_GKU06937.1_ICS                      4.01%    passed     99.71%
 211  Fusarium_longipes_RGP80030.1_ICS                         2.55%    passed     92.57%
 212  Fusarium_mangiferae_XP_041683487.1_ICS                   2.92%    passed     99.98%
 213  Fusarium_mangiferae_XP_041688450.1_ICS                   2.92%    passed     95.54%
 214  Fusarium_mexicanum_KAF5539464.1_ICS                      5.11%    passed     99.39%
 215  Fusarium_mexicanum_KAF5549363.1_ICS                      2.92%    passed     99.08%
 216  Fusarium_mexicanum_KAF5557415.1_ICS                      2.92%    passed     99.92%
 217  Fusarium_mundagurra_KAF5715931.1_ICS                     2.92%    passed     99.99%
 218  Fusarium_musae_XP_044675053.1_ICS                        1.82%    passed     99.99%
 219  Fusarium_napiforme_KAF5565220.1_ICS                      1.82%    passed     99.92%
 220  Fusarium_nygamai_PNP81104.1_ICS                          1.82%    passed     99.96%
 221  Fusarium_nygamai_PNP83832.1_ICS                          2.92%    passed     98.30%
 222  Fusarium_odoratissimum_EMT69002.1_ICS                    2.92%    passed     98.84%
 223  Fusarium_odoratissimum_EMT71253.1_ICS                    2.92%    passed    100.00%
 224  Fusarium_oxysporum_TVY60241.1_ICS                        2.92%    passed     98.84%
 225  Fusarium_oxysporum_TVY68270.1_ICS                        2.92%    passed    100.00%
 226  Fusarium_phyllophilum_KAF5556118.1_ICS                   2.92%    passed     96.62%
 227  Fusarium_phyllophilum_KAF5565681.1_ICS                   1.82%    passed     99.90%
 228  Fusarium_poae_OBS23239.1_ICS                             2.92%    passed     99.93%
 229  Fusarium_poae_OBS25041.1_ICS                             2.19%    passed     91.41%
 230  Fusarium_proliferatum_RKL38792.1_ICS                    26.64%    passed     97.14%
 231  Fusarium_proliferatum_RKL44237.1_ICS                     2.92%    passed     99.99%
 232  Fusarium_pseudoanthophilum_KAF5579085.1_ICS              2.92%    passed     95.40%
 233  Fusarium_pseudoanthophilum_KAF5589599.1_ICS              1.82%    passed    100.00%
 234  Fusarium_pseudocircinatum_KAF5597174.1_ICS               2.19%    passed     99.99%
 235  Fusarium_pseudocircinatum_KAF5597654.1_ICS               2.92%    passed     99.79%
 236  Fusarium_pseudocircinatum_KAF5598634.1_ICS              31.75%    passed     98.66%
 237  Fusarium_pseudograminearum_KAF0638021.1_ICS              2.92%    passed     99.88%
 238  Fusarium_pseudograminearum_KAF0639056.1_ICS              2.92%    passed     94.99%
 239  Fusarium_redolens_XP_046045062.1_ICS                     2.92%    passed    100.00%
 240  Fusarium_sarcochroum_KAF4945803.1_ICS                    2.55%    passed     99.76%
 241  Fusarium_sp_AF4_RSL80048.1_ICS                           2.55%    passed     99.67%
 242  Fusarium_sp_AF6_RSL38658.1_ICS                           2.55%    passed     99.74%
 243  Fusarium_sp_DS_682_KAF9766432.1_ICS                      2.92%    passed     99.88%
 244  Fusarium_sp_FIESC_RH6_KAI1060860.1_ICS                   2.55%    passed     92.74%
 245  Fusarium_sp_MPISDFRAT0072_KAH7147702.1_ICS               2.92%    passed     99.53%
 246  Fusarium_sp_MPISDFRAT0072_KAH7154172.1_ICS               2.92%    passed     99.99%
 247  Fusarium_sp_NRRL_25303_KAF5644391.1_ICS                  2.92%    passed     92.92%
 248  Fusarium_sp_NRRL_25303_KAF5651975.1_ICS                  2.92%    passed     99.83%
 249  Fusarium_sp_NRRL_25303_KAF5655010.1_ICS                 31.02%    passed     98.33%
 250  Fusarium_sp_NRRL_52700_KAF5624377.1_ICS                  2.92%    passed     99.97%
 251  Fusarium_sp_NRRL_52700_KAF5635996.1_ICS                  2.92%    passed     95.09%
 252  Fusarium_sporotrichioides_RGP67292.1_ICS                 4.01%    passed     99.98%
 253  Fusarium_sporotrichioides_RGP74564.1_ICS                 3.28%    passed     95.62%
 254  Fusarium_subglutinans_XP_036540338.1_ICS                 2.92%    passed     99.58%
 255  Fusarium_subglutinans_XP_036542832.1_ICS                 2.92%    passed     97.71%
 256  Fusarium_tjaetaba_XP_037203803.1_ICS                     2.92%    passed     99.83%
 257  Fusarium_tjaetaba_XP_037206995.1_ICS                     2.92%    passed     94.19%
 258  Fusarium_venenatum_KAH6991831.1_ICS                      2.92%    passed     99.30%
 259  Fusarium_venenatum_KAH6993713.1_ICS                      2.92%    passed     98.54%
 260  Fusarium_verticillioides_RBQ68773.1_ICS                  1.82%    passed     99.99%
 261  Fusarium_xylarioides_KAG5773905.1_ICS                   24.82%    passed     99.60%
 262  Fusarium_xylarioides_KAG5780775.1_ICS                    1.82%    passed     99.93%
 263  Fusarium_xylarioides_KAG5781079.1_ICS                    4.01%    passed     92.31%
 264  Glarea_lozoyensis_XP_008078389.1_ICS                     3.28%    passed     94.51%
 265  Glarea_lozoyensis_XP_008080495.1_ICS                     2.19%    passed     97.91%
 266  Grosmannia_clavigera_EFX05940.1_ICS                      5.47%    passed     98.67%
 267  Gyalolechia_ehrenbergii_KAI4167697.1_ICS                 1.82%    passed     99.85%
 268  Gyalolechia_ehrenbergii_KAI4175355.1_ICS                27.37%    passed     98.70%
 269  Heterodermia_speciosa_HETSPECPRED_001490_ICS             2.55%    passed     99.84%
 270  Heterodermia_speciosa_HETSPECPRED_010372_ICS             3.28%    passed     99.61%
 271  Hyaloscypha_finlandica_KAH8767596.1_ICS                  1.46%    passed     99.87%
 272  Hyaloscypha_sp_PMI_1271_KAH8748816.1_ICS                 1.46%    passed     99.79%
 273  Hymenoscyphus_fraxineus_CAG8961937.1_ICS                 3.28%    passed     99.07%
 274  Icmadophila_ericetorum_MCJ1354734.1_ICS                  1.46%    passed     85.92%
 275  Ilyonectria_destructans_KAH6982672.1_ICS                 1.46%    passed     99.61%
 276  Ilyonectria_destructans_KAH6987035.1_ICS                 1.82%    passed     99.71%
 277  Ilyonectria_destructans_KAH6999779.1_ICS                 1.82%    passed    100.00%
 278  Ilyonectria_sp_MPICAGEAT0026_KAH6957910.1_ICS            1.46%    passed     99.42%
 279  Ilyonectria_sp_MPICAGEAT0026_KAH6981583.1_ICS            3.65%    passed     99.99%
 280  Karstenula_rhodostoma_KAF2439236.1_ICS                   2.55%    passed     99.35%
 281  Lentithecium_fluviatile_KAF2690734.1_ICS                 1.46%    passed     99.99%
 282  Leptosphaeria_biglobosa_KAH9861367.1_ICS                 1.09%    passed     99.94%
 283  Leptosphaeria_maculans_KAH9869828.1_ICS                  1.09%    passed     99.99%
 284  Letrouitia_leprolyta_KAI4180083.1_ICS                    3.28%    passed     61.79%
 285  Letrouitia_leprolyta_KAI4183818.1_ICS                    1.46%    passed     99.98%
 286  Lichina_pygmea_ICS                                       2.55%    passed     99.53%
 287  Lindgomyces_ingoldianus_XP_033541384.1_ICS               2.55%    passed     98.55%
 288  Lizonia_empirigonia_KAF1358040.1_ICS                     1.46%    passed     97.91%
 289  Lophiostoma_macrostomum_KAF2648716.1_ICS                 2.55%    passed     99.72%
 290  Lophiostoma_macrostomum_KAF2650414.1_ICS                 1.46%    passed     99.40%
 291  Melanelixia_glabra_ICS                                   2.92%    passed    100.00%
 292  Metarhizium_acridum_XP_007808063.1_ICS                   1.46%    passed     99.58%
 293  Metarhizium_anisopliae_KJK83196.1_ICS                    2.19%    passed     99.38%
 294  Metarhizium_brunneum_QLI64307.1_ICS                      2.19%    passed     99.51%
 295  Metarhizium_guizhouense_KID90510.1_ICS                   2.19%    passed     99.31%
 296  Metarhizium_humberi_KAH0600808.1_ICS                     5.11%    passed     99.49%
 297  Metarhizium_majus_XP_014578744.1_ICS                     2.19%    passed     99.63%
 298  Metarhizium_robertsii_EXV04551.1_ICS                     2.19%    passed     99.38%
 299  Microdochium_trichocladiopsis_XP_046010845.1_ICS         2.92%    passed     99.95%
 300  Microsporum_canis_XP_002842847.1_ICS                    27.01%    passed     99.83%
 301  Moelleriella_libera_KZZ97446.1_ICS                       2.19%    passed     99.90%
 302  Monosporascus_cannonballus_RYO82912.1_ICS                1.09%    passed     99.98%
 303  Monosporascus_ibericus_RYP10553.1_ICS                    1.09%    passed     99.99%
 304  Monosporascus_sp_5C6A_RYP70480.1_ICS                     1.09%    passed     99.94%
 305  Monosporascus_sp_CRB83_RYP62964.1_ICS                    1.09%    passed     99.98%
 306  Monosporascus_sp_CRB92_RYP71971.1_ICS                    1.09%    passed     99.99%
 307  Monosporascus_sp_GIB2_RYP15306.1_ICS                     1.09%    passed    100.00%
 308  Monosporascus_sp_MC138B_RYP33553.1_ICS                   1.09%    passed     99.98%
 309  Monosporascus_sp_mg162_RYP43739.1_ICS                    1.09%    passed     99.98%
 310  Myriangium_duriaei_KAF2154528.1_ICS                      1.46%    passed     99.10%
 311  Nannizzia_gypsea_XP_003169292.1_ICS                      1.46%    passed    100.00%
 312  Nannizzia_gypsea_XP_003171295.1_ICS                      1.46%    passed     99.87%
 313  Nemania_serpens_KAI1185029.1_ICS                         1.46%    passed     97.59%
 314  Nemania_sp_FL0916_KAI1172681.1_ICS                       1.46%    passed     99.33%
 315  Nemania_sp_NC0429_KAI1111738.1_ICS                       2.19%    passed     98.80%
 316  Neonectria_ditissima_KPM40578.1_ICS                      1.82%    passed     98.65%
 317  Niebla_homolea_ICS                                       2.92%    passed     98.78%
 318  Niorma_chrysophthalma_KAI4198521.1_ICS                   2.19%    passed     99.98%
 319  Oidiodendron_maius_KIM94082.1_ICS                        2.19%    passed    100.00%
 320  Paraphaeosphaeria_sporulosa_XP_018033692.1_ICS           2.55%    passed     99.80%
 321  Parmelina_tillacea_ICS                                   2.92%    passed     99.94%
 322  Peltaster_fructicola_QIX01996.1_ICS                      1.46%    passed     98.44%
 323  Penicillium_brasilianum_CEJ59956.1_ICS                   1.82%    passed     96.60%
 324  Penicillium_crustosum_KAF7517455.1_ICS                   2.19%    passed     96.60%
 325  Penicillium_digitatum_QQK43488.1_ICS                     1.46%    passed     98.07%
 326  Penicillium_expansum_KGO45434.1_ICS                      1.46%    passed     99.84%
 327  Penicillium_freii_KUM56496.1_ICS                         1.82%    passed     93.65%
 328  Penicillium_griseofulvum_XP_040649206.1_ICS              1.09%    passed     99.80%
 329  Penicillium_oxalicum_EPS31139.1_ICS                     28.47%    passed     75.61%
 330  Penicillium_polonicum_OQD71076.1_ICS                    26.28%    passed     99.09%
 331  Penicillium_polonicum_OQD71567.1_ICS                    78.10%    passed     91.99%
 332  Penicillium_polonicum_OQD71929.1_ICS                     1.82%    passed     96.66%
 333  Penicillium_solitum_XP_040808341.1_ICS                   1.82%    passed     98.29%
 334  Penicillium_sp_occitanis_PCH06140.1_ICS                  1.46%    passed     98.14%
 335  Penicillium_sp_str_12_KAF4763112.1_ICS                   1.82%    passed     98.29%
 336  Phialophora_americana_KIW62366.1_ICS                     1.46%    passed     99.50%
 337  Physcia_stellaris_KAG6999330.1_ICS                       6.20%    passed     96.90%
 338  Plenodomus_tracheiphilus_KAF2846133.1_ICS                1.09%    passed     99.91%
 339  Pochonia_chlamydosporia_XP_022284604.1_ICS               1.82%    passed     99.05%
 340  Pseudocercospora_eumusae_KXT02246.1_ICS                  1.82%    passed     99.97%
 341  Pyrenochaeta_sp_DS3sAY3a_OAL45143.1_ICS                  2.19%    passed    100.00%
 342  Pyrenophora_teres_CAE7031247.1_ICS                       1.46%    passed     99.95%
 343  Pyrenophora_triticirepentis_KAI1685035.1_ICS             1.46%    passed    100.00%
 344  Ramalina_intermedia_ICS                                  7.66%    passed     97.28%
 345  Rhexocercosporidium_sp_MPIPUGEAT0058_KAH7317460.1_ICS    3.28%    passed     99.13%
 346  Seirophora_lacunosa_KAI4087435.1_ICS                     2.92%    passed    100.00%
 347  Seirophora_villosa_KAI4113946.1_ICS                      2.55%    passed     99.99%
 348  Sporothrix_insectorum_OAA59700.1_ICS                     2.19%    passed     99.96%
 349  Sticta_canariensis_MCJ1428823.1_ICS                      3.28%    passed     98.98%
 350  Talaromyces_amestolkiae_XP_040736961.1_ICS               1.46%    passed     99.59%
 351  Talaromyces_cellulolyticus_GAM39784.1_ICS                1.46%    passed     97.84%
 352  Talaromyces_islandicus_CRG90102.1_ICS                    2.19%    passed     99.58%
 353  Talaromyces_marneffei_KAE8554211.1_ICS                   1.46%    passed     99.70%
 354  Talaromyces_pinophilus_KAF3404987.1_ICS                  1.46%    passed     96.76%
 355  Talaromyces_proteolyticus_XP_046075778.1_ICS             1.46%    passed     97.98%
 356  Talaromyces_stipitatus_XP_002483260.1_ICS                1.46%    passed     92.92%
 357  Talaromyces_verruculosus_KUL91656.1_ICS                 31.39%    passed     50.25%
 358  Teloschistes_flavicans_KAI4244084.1_ICS                 39.05%    passed     90.82%
 359  Teloschistes_peruensis_KAI4099322.1_ICS                  2.55%    passed     99.98%
 360  Teratosphaeria_destructans_KAH9843366.1_ICS              1.82%    passed     99.99%
 361  Teratosphaeria_nubilosa_KAF2764179.1_ICS                 3.28%    passed     97.52%
 362  Thelonectria_olida_KAH6873803.1_ICS                      1.46%    passed     99.98%
 363  Thozetella_sp_PMI_491_KAH8880465.1_ICS                   2.19%    passed    100.00%
 364  Tothia_fuscella_KAF2420724.1_ICS                         2.19%    passed     99.59%
 365  Trematosphaeria_pertusa_XP_033685156.1_ICS               1.46%    passed    100.00%
 366  Trichoderma_arundinaceum_RFU76422.1_ICS                 37.23%    passed     99.50%
 367  Trichoderma_arundinaceum_RFU77965.1_ICS                 39.78%    passed     98.20%
 368  Trichoderma_asperelloides_KAH8127508.1_ICS               1.46%    passed     99.32%
 369  Trichoderma_asperelloides_KAH8130640.1_ICS               2.92%    passed     99.81%
 370  Trichoderma_asperellum_XP_024755820.1_ICS                1.46%    passed     99.64%
 371  Trichoderma_asperellum_XP_024763205.1_ICS                2.92%    passed     99.81%
 372  Trichoderma_atroviride_EHK42400.1_ICS                    1.46%    passed     99.93%
 373  Trichoderma_atroviride_EHK49129.1_ICS                   27.01%    passed     97.55%
 374  Trichoderma_gamsii_XP_018663354.1_ICS                    1.82%    passed     99.82%
 375  Trichoderma_gamsii_XP_018666334.1_ICS                    1.46%    passed     99.92%
 376  Trichoderma_guizhouense_OPB41765.1_ICS                  64.96%    passed     93.20%
 377  Trichoderma_harzianum_XP_024769518.1_ICS                 1.46%    passed     98.84%
 378  Trichoderma_lentiforme_KAF3071615.1_ICS                  1.46%    passed     98.84%
 379  Trichoderma_semiorbis_KAH0528981.1_ICS                  34.67%    passed     94.36%
 380  Trichoderma_simmonsii_QYS95457.1_ICS                     1.46%    passed     99.41%
 381  Trichoderma_virens_EHK24062.1_ICS                        5.11%    passed     98.83%
 382  Trichophyton_benhamiae_DAA76167.1_ICS                    1.46%    passed    100.00%
 383  Trichophyton_equinum_EGE05591.1_ICS                      2.55%    passed     99.80%
 384  Trichophyton_interdigitale_KAG8206050.1_ICS              1.46%    passed     99.98%
 385  Trichophyton_rubrum_KMQ41408.1_ICS                       1.46%    passed    100.00%
 386  Trichophyton_soudanense_EZF79037.1_ICS                   1.46%    passed    100.00%
 387  Trichophyton_verrucosum_XP_003021174.1_ICS               1.46%    passed    100.00%
 388  Trichophyton_violaceum_OAL68961.1_ICS                    1.46%    passed    100.00%
 389  Usnochroma_carphineum_KAI4132166.1_ICS                   1.82%    passed    100.00%
 390  Variospora_aurantia_KAI4148357.1_ICS                     1.46%    passed     99.91%
 391  Venturia_inaequalis_KAE9991797.1_ICS                     2.19%    passed     98.99%
 392  Venturia_nashicola_TID19576.1_ICS                        1.82%    passed     96.11%
 393  Verticillium_dahliae_PNH27774.1_ICS                      2.92%    passed     99.79%
 394  Verticillium_nonalfalfae_XP_028495418.1_ICS              8.76%    passed     94.58%
 395  Xanthoria_mediterranea_KAI4087814.1_ICS                 13.87%    passed     98.96%
 396  Xylaria_arbuscula_KAI1361904.1_ICS                       2.19%    passed     99.97%
 397  Xylaria_arbuscula_KAI1363917.1_ICS                       4.38%    passed     99.96%
 398  Xylaria_bambusicola_XP_047832783.1_ICS                   1.46%    passed     93.65%
 399  Xylaria_bambusicola_XP_047833026.1_ICS                   1.46%    passed     98.93%
 400  Xylaria_grammica_KAI0422312.1_ICS                        1.46%    passed    100.00%
 401  Xylaria_hypoxylon_TGJ79002.1_ICS                         1.82%    passed     99.92%
 402  Xylaria_intraflava_KAI1827496.1_ICS                     27.01%    passed     98.74%
 403  Xylaria_nigripes_KAI2634467.1_ICS                        1.46%    passed    100.00%
 404  Xylaria_palmicola_KAI0399761.1_ICS                       1.46%    passed    100.00%
 405  Xylaria_sp_FL1042_KAI0429012.1_ICS                       2.55%    passed     99.74%
 406  Xylaria_sp_FL1777_KAI1418874.1_ICS                       4.38%    passed     96.56%
 407  Xylariaceae_sp_FL0594_KAI0398592.1_ICS                   1.46%    passed     98.85%
 408  Xylariaceae_sp_FL1019_KAI1266947.1_ICS                   1.46%    passed     99.78%
 409  Xylariaceae_sp_FL1019_KAI1268146.1_ICS                   2.55%    passed     99.97%
 410  Xylariaceae_sp_FL1272_KAI0164569.1_ICS                   2.92%    passed     99.73%
 411  Xylographa_bjoerkii_MCJ1387730.1_ICS                    25.55%    passed     96.87%
 412  Xylographa_carneopallida_MCJ1294904.1_ICS                1.46%    passed     99.86%
 413  Xylographa_opegraphella_MCJ1283548.1_ICS                 1.46%    passed     89.18%
 414  Xylographa_pallela_MMC32_005907_ICS                      1.46%    passed     99.80%
 415  Xylographa_pallens_MCJ1433653.1_ICS                      3.65%    passed     99.80%
 416  Xylographa_parallela_MCJ1419552.1_ICS                    1.46%    passed     99.80%
 417  Xylographa_soralifera_MCJ1385509.1_ICS                   1.82%    passed     97.53%
 418  Xylographa_vitiligo_MCJ1315356.1_ICS                     1.82%    passed     93.39%
 419  Zasmidium_cellare_XP_033672322.1_ICS                     1.46%    passed     99.99%
 420  Zymoseptoria_brevis_KJX94226.1_ICS                       2.92%    passed     94.12%
 421  Zymoseptoria_tritici_SMR58342.1_ICS                      2.92%    passed     85.06%
 422  fungal_sp_No14919_GAW22020.1_ICS                         1.46%    passed    100.00%
WARNING: 6 sequences contain more than 50% gaps/ambiguity
****  TOTAL                                                    5.67%  0 sequences failed composition chi2 test (p-value<5%; df=19)
NOTE: Agyrium_rufum_MCJ1314532.1_ICS is identical to Agyrium_rufum_FUN_008167_ICS but kept for subsequent analysis
NOTE: Alternaria_hordeiaustralica_XP_049239373.1_ICS is identical to Alternaria_arbusti_KAI4940317.1_ICS but kept for subsequent analysis
NOTE: Alternaria_sp_MG1_RII22453.1_ICS is identical to Alternaria_burnsii_XP_038781501.1_ICS but kept for subsequent analysis
NOTE: Aspergillus_rambellii_KKK24685.1_ICS is identical to Aspergillus_ochraceoroseus_PTU19038.1_ICS but kept for subsequent analysis
NOTE: Botrytis_squamosa_KAF7858335.1_ICS is identical to Botrytis_elliptica_TGO64075.1_ICS but kept for subsequent analysis
NOTE: Exophiala_oligosperma_XP_016263410.1_ICS is identical to Exophiala_oligosperma_XP_016263409.1_ICS but kept for subsequent analysis
NOTE: Fusarium_floridanum_RSL42173.1_ICS is identical to Fusarium_euwallaceae_RTE69455.1_ICS but kept for subsequent analysis
NOTE: Fusarium_langsethiae_GKU06936.1_ICS is identical to Fusarium_langsethiae_GKU06935.1_ICS but kept for subsequent analysis
NOTE: Fusarium_oxysporum_TVY60241.1_ICS is identical to Fusarium_odoratissimum_EMT69002.1_ICS but kept for subsequent analysis
NOTE: Metarhizium_robertsii_EXV04551.1_ICS is identical to Metarhizium_anisopliae_KJK83196.1_ICS but kept for subsequent analysis
NOTE: Monosporascus_sp_MC138B_RYP33553.1_ICS is identical to Monosporascus_cannonballus_RYO82912.1_ICS but kept for subsequent analysis
NOTE: Penicillium_sp_str_12_KAF4763112.1_ICS is identical to Penicillium_solitum_XP_040808341.1_ICS but kept for subsequent analysis
NOTE: Trichoderma_asperellum_XP_024763205.1_ICS is identical to Trichoderma_asperelloides_KAH8130640.1_ICS but kept for subsequent analysis
NOTE: Trichoderma_lentiforme_KAF3071615.1_ICS is identical to Trichoderma_harzianum_XP_024769518.1_ICS but kept for subsequent analysis
NOTE: Trichophyton_soudanense_EZF79037.1_ICS is identical to Trichophyton_rubrum_KMQ41408.1_ICS but kept for subsequent analysis
NOTE: Xylographa_parallela_MCJ1419552.1_ICS is identical to Xylographa_pallela_MMC32_005907_ICS but kept for subsequent analysis
Checking for duplicate sequences: done in 0.00132203 secs using 506.7% CPU
Identifying sites to remove: done in 0.000946045 secs using 762.8% CPU
NOTE: 7 identical sequences (see below) will be ignored for subsequent analysis
NOTE: Alternaria_incomplexa_KAI4906425.1_ICS (identical to Alternaria_arbusti_KAI4940317.1_ICS) is ignored but added at the end
NOTE: Alternaria_infectoria_KAI4912202.1_ICS (identical to Alternaria_arbusti_KAI4940317.1_ICS) is ignored but added at the end
NOTE: Alternaria_novaezelandiae_XP_049249900.1_ICS (identical to Alternaria_arbusti_KAI4940317.1_ICS) is ignored but added at the end
NOTE: Alternaria_sp_BMP_0032_KAI4606514.1_ICS (identical to Alternaria_arbusti_KAI4940317.1_ICS) is ignored but added at the end
NOTE: Alternaria_ventricosa_XP_049202952.1_ICS (identical to Alternaria_arbusti_KAI4940317.1_ICS) is ignored but added at the end
NOTE: Fusarium_kuroshium_RMJ02431.1_ICS (identical to Fusarium_euwallaceae_RTE69455.1_ICS) is ignored but added at the end
NOTE: Fusarium_langsethiae_GKU06937.1_ICS (identical to Fusarium_langsethiae_GKU06935.1_ICS) is ignored but added at the end
Alignment was printed to ./DIT1_PvcA_crm_domains_gt0-1.fas.uniqueseq.phy

For your convenience alignment with unique sequences printed to ./DIT1_PvcA_crm_domains_gt0-1.fas.uniqueseq.phy

Create initial parsimony tree by phylogenetic likelihood library (PLL)... 0.080 seconds
Generating 1000 samples for ultrafast bootstrap (seed: 491296)...
WARNING: Normalizing state frequencies so that sum of them equals to 1

NOTE: 76 MB RAM (0 GB) is required!
Estimate model parameters (epsilon = 0.100)
Thoroughly optimizing +I+G parameters from 10 start values...
Init pinv, alpha: 0.000, 1.000 / Estimate: 0.000, 0.670 / LogL: -35449.352
Init pinv, alpha: 0.008, 1.000 / Estimate: 0.070, 0.998 / LogL: -35418.940
Init pinv, alpha: 0.016, 1.000 / Estimate: 0.070, 0.998 / LogL: -35418.951
Init pinv, alpha: 0.024, 1.000 / Estimate: 0.070, 0.998 / LogL: -35418.943
Init pinv, alpha: 0.032, 1.000 / Estimate: 0.070, 0.998 / LogL: -35418.941
Init pinv, alpha: 0.041, 1.000 / Estimate: 0.070, 0.998 / LogL: -35418.940
Init pinv, alpha: 0.049, 1.000 / Estimate: 0.070, 0.997 / LogL: -35418.943
Init pinv, alpha: 0.057, 1.000 / Estimate: 0.070, 0.997 / LogL: -35418.942
Init pinv, alpha: 0.065, 1.000 / Estimate: 0.070, 0.997 / LogL: -35418.941
Init pinv, alpha: 0.073, 1.000 / Estimate: 0.070, 0.998 / LogL: -35418.941
Optimal pinv,alpha: 0.070, 0.998 / LogL: -35418.940

Parameters optimization took 17.850 sec
Wrote distance file to... 
Computing ML distances based on estimated model parameters...
Calculating distance matrix: done in 1.44038 secs using 794.3% CPU
Computing ML distances took 1.441341 sec (of wall-clock time) 11.444618 sec (of CPU time)
WARNING: Some pairwise ML distances are too long (saturated)
Setting up auxiliary I and S matrices: done in 0.00106883 secs using 462.7% CPU
Constructing RapidNJ tree: done in 0.034245 secs using 660.1% CPU
Computing RapidNJ tree took 0.035492 sec (of wall-clock time) 0.232085 sec (of CPU time)
Log-likelihood of RapidNJ tree: -35692.815
--------------------------------------------------------------------
|             INITIALIZING CANDIDATE TREE SET                      |
--------------------------------------------------------------------
Generating 98 parsimony trees... 8.424 second
Computing log-likelihood of 98 initial trees ... 7.514 seconds
Current best score: -35403.258

Do NNI search on 20 best initial trees
Optimizing NNI: done in 3.9734 secs using 757.3% CPU
Estimate model parameters (epsilon = 0.100)
BETTER TREE FOUND at iteration 1: -35215.902
Optimizing NNI: done in 2.58757 secs using 781.2% CPU
Optimizing NNI: done in 3.22771 secs using 763.7% CPU
Optimizing NNI: done in 3.06279 secs using 772.4% CPU
Estimate model parameters (epsilon = 0.100)
BETTER TREE FOUND at iteration 4: -35206.355
Optimizing NNI: done in 3.5841 secs using 752.2% CPU
Estimate model parameters (epsilon = 0.100)
BETTER TREE FOUND at iteration 5: -35189.635
Optimizing NNI: done in 4.49035 secs using 704.6% CPU
Optimizing NNI: done in 3.28235 secs using 767.7% CPU
Optimizing NNI: done in 3.26094 secs using 762.8% CPU
Optimizing NNI: done in 3.94205 secs using 757.9% CPU
Optimizing NNI: done in 3.47056 secs using 765.1% CPU
Iteration 10 / LogL: -35238.625 / Time: 0h:1m:11s
Optimizing NNI: done in 3.19878 secs using 759.9% CPU
Optimizing NNI: done in 3.16184 secs using 752.9% CPU
Optimizing NNI: done in 3.52206 secs using 743.8% CPU
Optimizing NNI: done in 3.7903 secs using 748.4% CPU
Optimizing NNI: done in 4.05665 secs using 724.6% CPU
Optimizing NNI: done in 3.39433 secs using 755.8% CPU
Optimizing NNI: done in 3.80003 secs using 752.8% CPU
Optimizing NNI: done in 4.2266 secs using 754.5% CPU
Optimizing NNI: done in 5.47759 secs using 743.2% CPU
Optimizing NNI: done in 3.06896 secs using 734.3% CPU
Iteration 20 / LogL: -35266.299 / Time: 0h:1m:49s
Finish initializing candidate tree set (20)
Current best tree score: -35189.635 / CPU time: 89.310
Number of iterations: 20
--------------------------------------------------------------------
|               OPTIMIZING CANDIDATE TREE SET                      |
--------------------------------------------------------------------
Optimizing NNI: done in 4.13056 secs using 748.6% CPU
Estimate model parameters (epsilon = 0.100)
BETTER TREE FOUND at iteration 21: -35143.387
Optimizing NNI: done in 3.24035 secs using 699.5% CPU
Optimizing NNI: done in 2.7575 secs using 781.3% CPU
Optimizing NNI: done in 2.95698 secs using 779.2% CPU
Optimizing NNI: done in 2.40916 secs using 791.6% CPU
Estimate model parameters (epsilon = 0.100)
BETTER TREE FOUND at iteration 25: -35133.979
Optimizing NNI: done in 2.38147 secs using 784.5% CPU
Estimate model parameters (epsilon = 0.100)
BETTER TREE FOUND at iteration 26: -35132.250
Optimizing NNI: done in 2.72219 secs using 787.8% CPU
Optimizing NNI: done in 2.4244 secs using 784.4% CPU
Optimizing NNI: done in 2.98824 secs using 767.8% CPU
Optimizing NNI: done in 2.62162 secs using 757% CPU
Iteration 30 / LogL: -35169.936 / Time: 0h:2m:19s (0h:7m:40s left)
Optimizing NNI: done in 2.81828 secs using 741.9% CPU
Optimizing NNI: done in 3.15654 secs using 731.1% CPU
Optimizing NNI: done in 2.36135 secs using 766.1% CPU
Optimizing NNI: done in 2.74053 secs using 757.3% CPU
Optimizing NNI: done in 2.76038 secs using 766% CPU
Optimizing NNI: done in 2.68236 secs using 763.6% CPU
Optimizing NNI: done in 2.37378 secs using 775.1% CPU
Optimizing NNI: done in 2.59021 secs using 769.1% CPU
Optimizing NNI: done in 3.3198 secs using 728% CPU
Optimizing NNI: done in 2.97898 secs using 769.1% CPU
Iteration 40 / LogL: -35148.878 / Time: 0h:2m:47s (0h:6m:8s left)
Optimizing NNI: done in 2.78638 secs using 741.4% CPU
Optimizing NNI: done in 2.82837 secs using 760.8% CPU
Optimizing NNI: done in 2.99883 secs using 767.7% CPU
Optimizing NNI: done in 2.93429 secs using 751.5% CPU
Optimizing NNI: done in 2.44227 secs using 760.3% CPU
Optimizing NNI: done in 2.30915 secs using 773.4% CPU
Optimizing NNI: done in 2.60067 secs using 771.5% CPU
Optimizing NNI: done in 2.72561 secs using 768.1% CPU
Optimizing NNI: done in 2.5659 secs using 777.1% CPU
Optimizing NNI: done in 3.43942 secs using 719% CPU
Iteration 50 / LogL: -35150.097 / Time: 0h:3m:15s (0h:5m:2s left)
Log-likelihood cutoff on original alignment: -35281.363
Optimizing NNI: done in 2.66933 secs using 771.4% CPU
Optimizing NNI: done in 3.17009 secs using 744.9% CPU
Optimizing NNI: done in 3.08233 secs using 750.5% CPU
Optimizing NNI: done in 2.80498 secs using 760.4% CPU
Estimate model parameters (epsilon = 0.100)
BETTER TREE FOUND at iteration 54: -35128.628
Optimizing NNI: done in 2.70797 secs using 761.6% CPU
Optimizing NNI: done in 3.5105 secs using 742.4% CPU
Estimate model parameters (epsilon = 0.100)
BETTER TREE FOUND at iteration 56: -35127.873
Optimizing NNI: done in 2.64563 secs using 761.7% CPU
Optimizing NNI: done in 3.11821 secs using 739.2% CPU
Optimizing NNI: done in 2.93539 secs using 755.1% CPU
Optimizing NNI: done in 2.39506 secs using 773.5% CPU
Iteration 60 / LogL: -35171.982 / Time: 0h:3m:45s (0h:6m:7s left)
Optimizing NNI: done in 2.87285 secs using 755.8% CPU
Optimizing NNI: done in 3.16904 secs using 742.3% CPU
Optimizing NNI: done in 2.95756 secs using 747.9% CPU
Optimizing NNI: done in 3.00787 secs using 757.1% CPU
Optimizing NNI: done in 3.07546 secs using 756.1% CPU
Optimizing NNI: done in 2.97385 secs using 743.9% CPU
Optimizing NNI: done in 3.16943 secs using 756% CPU
Optimizing NNI: done in 2.84832 secs using 766.8% CPU
Optimizing NNI: done in 2.46834 secs using 772.3% CPU
Estimate model parameters (epsilon = 0.100)
BETTER TREE FOUND at iteration 69: -35126.745
Optimizing NNI: done in 2.53811 secs using 763.3% CPU
Estimate model parameters (epsilon = 0.100)
BETTER TREE FOUND at iteration 70: -35126.524
Iteration 70 / LogL: -35126.524 / Time: 0h:4m:15s (0h:6m:10s left)
Optimizing NNI: done in 2.84418 secs using 765.6% CPU
Optimizing NNI: done in 3.10379 secs using 735.5% CPU
Optimizing NNI: done in 2.67795 secs using 750.6% CPU
Optimizing NNI: done in 2.68308 secs using 765.3% CPU
Optimizing NNI: done in 2.63717 secs using 778.9% CPU
Optimizing NNI: done in 2.86613 secs using 778.9% CPU
Optimizing NNI: done in 2.78556 secs using 788% CPU
Optimizing NNI: done in 2.7205 secs using 732.2% CPU
Optimizing NNI: done in 2.3649 secs using 779.5% CPU
Optimizing NNI: done in 2.51917 secs using 787.1% CPU
Iteration 80 / LogL: -35143.038 / Time: 0h:4m:43s (0h:5m:22s left)
Optimizing NNI: done in 2.37342 secs using 792.5% CPU
Optimizing NNI: done in 2.42592 secs using 790.1% CPU
Estimate model parameters (epsilon = 0.100)
BETTER TREE FOUND at iteration 82: -35121.730
Optimizing NNI: done in 2.10157 secs using 786.9% CPU
Optimizing NNI: done in 2.42246 secs using 784.1% CPU
Optimizing NNI: done in 2.97088 secs using 756.5% CPU
Optimizing NNI: done in 2.85389 secs using 764% CPU
Optimizing NNI: done in 2.02329 secs using 793.1% CPU
Optimizing NNI: done in 2.6207 secs using 786.7% CPU
Optimizing NNI: done in 2.89701 secs using 775.3% CPU
Optimizing NNI: done in 2.4295 secs using 791.4% CPU
Iteration 90 / LogL: -35179.397 / Time: 0h:5m:8s (0h:5m:19s left)
Optimizing NNI: done in 2.38953 secs using 789% CPU
Optimizing NNI: done in 2.77405 secs using 768.8% CPU
Optimizing NNI: done in 2.52542 secs using 769.8% CPU
Optimizing NNI: done in 2.46437 secs using 771.3% CPU
Optimizing NNI: done in 3.12968 secs using 762.6% CPU
Optimizing NNI: done in 2.67734 secs using 746.2% CPU
Optimizing NNI: done in 2.89462 secs using 747% CPU
Optimizing NNI: done in 2.5333 secs using 752% CPU
Optimizing NNI: done in 2.50235 secs using 757.1% CPU
Optimizing NNI: done in 2.7665 secs using 779.5% CPU
Iteration 100 / LogL: -35122.924 / Time: 0h:5m:35s (0h:4m:38s left)
Log-likelihood cutoff on original alignment: -35281.363
NOTE: Bootstrap correlation coefficient of split occurrence frequencies: 0.989
NOTE: UFBoot does not converge, continue at least 100 more iterations
Optimizing NNI: done in 2.36836 secs using 784.4% CPU
Optimizing NNI: done in 2.34885 secs using 783.4% CPU
Optimizing NNI: done in 2.43964 secs using 784.6% CPU
Optimizing NNI: done in 2.64516 secs using 755% CPU
Optimizing NNI: done in 2.69805 secs using 730.1% CPU
Optimizing NNI: done in 3.66221 secs using 683.8% CPU
Optimizing NNI: done in 3.00947 secs using 714.2% CPU
Optimizing NNI: done in 2.84427 secs using 747% CPU
Optimizing NNI: done in 3.10943 secs using 752.6% CPU
Optimizing NNI: done in 2.62001 secs using 757.7% CPU
Iteration 110 / LogL: -35124.985 / Time: 0h:6m:5s (0h:5m:1s left)
Optimizing NNI: done in 2.37394 secs using 758.4% CPU
Optimizing NNI: done in 2.57978 secs using 755.6% CPU
Optimizing NNI: done in 2.89398 secs using 759.5% CPU
Optimizing NNI: done in 2.93552 secs using 742.1% CPU
Optimizing NNI: done in 2.59271 secs using 759.3% CPU
Optimizing NNI: done in 2.58694 secs using 738.2% CPU
Optimizing NNI: done in 2.87644 secs using 733% CPU
Optimizing NNI: done in 2.81276 secs using 716.2% CPU
Optimizing NNI: done in 2.71972 secs using 749.1% CPU
Optimizing NNI: done in 2.66526 secs using 772.8% CPU
Iteration 120 / LogL: -35162.286 / Time: 0h:6m:32s (0h:4m:23s left)
Optimizing NNI: done in 1.8646 secs using 787.1% CPU
Optimizing NNI: done in 2.46953 secs using 768.8% CPU
Optimizing NNI: done in 2.59065 secs using 764.2% CPU
Optimizing NNI: done in 2.85889 secs using 768.5% CPU
Optimizing NNI: done in 2.92768 secs using 752.9% CPU
Estimate model parameters (epsilon = 0.100)
BETTER TREE FOUND at iteration 125: -35114.638
Optimizing NNI: done in 2.47835 secs using 762.1% CPU
Optimizing NNI: done in 2.94348 secs using 766% CPU
Optimizing NNI: done in 2.69077 secs using 786.4% CPU
Optimizing NNI: done in 2.72401 secs using 785.5% CPU
Optimizing NNI: done in 2.99494 secs using 720% CPU
Iteration 130 / LogL: -35148.190 / Time: 0h:6m:59s (0h:5m:9s left)
Optimizing NNI: done in 2.53968 secs using 786.3% CPU
Optimizing NNI: done in 2.6296 secs using 764.2% CPU
Optimizing NNI: done in 2.69484 secs using 784.6% CPU
Optimizing NNI: done in 2.69236 secs using 775.7% CPU
Optimizing NNI: done in 2.42269 secs using 790.7% CPU
Optimizing NNI: done in 2.88673 secs using 787.7% CPU
Optimizing NNI: done in 2.62935 secs using 763.5% CPU
Optimizing NNI: done in 2.67402 secs using 787% CPU
Optimizing NNI: done in 2.5285 secs using 773.9% CPU
Optimizing NNI: done in 2.5461 secs using 776% CPU
Iteration 140 / LogL: -35129.245 / Time: 0h:7m:26s (0h:4m:32s left)
Optimizing NNI: done in 2.37046 secs using 781.6% CPU
Optimizing NNI: done in 2.33603 secs using 758.6% CPU
Optimizing NNI: done in 3.03749 secs using 724.7% CPU
Optimizing NNI: done in 2.91868 secs using 767.6% CPU
Optimizing NNI: done in 2.47541 secs using 777.7% CPU
Optimizing NNI: done in 2.27582 secs using 789.1% CPU
Optimizing NNI: done in 2.69678 secs using 776.3% CPU
Optimizing NNI: done in 2.60147 secs using 753.1% CPU
Optimizing NNI: done in 2.25884 secs using 768.4% CPU
Optimizing NNI: done in 2.75926 secs using 781.1% CPU
Iteration 150 / LogL: -35131.952 / Time: 0h:7m:52s (0h:3m:57s left)
Log-likelihood cutoff on original alignment: -35281.363
Optimizing NNI: done in 2.29483 secs using 777.4% CPU
Optimizing NNI: done in 2.17011 secs using 778.4% CPU
Optimizing NNI: done in 2.68096 secs using 786% CPU
Optimizing NNI: done in 2.61104 secs using 782.6% CPU
Optimizing NNI: done in 2.56804 secs using 767.5% CPU
Optimizing NNI: done in 2.40432 secs using 772.2% CPU
Optimizing NNI: done in 3.38688 secs using 725% CPU
Optimizing NNI: done in 2.36125 secs using 770.7% CPU
Optimizing NNI: done in 2.1253 secs using 780.9% CPU
Optimizing NNI: done in 2.36734 secs using 777.5% CPU
Iteration 160 / LogL: -35136.377 / Time: 0h:8m:18s (0h:3m:23s left)
Optimizing NNI: done in 2.54103 secs using 782% CPU
Optimizing NNI: done in 2.67436 secs using 782.5% CPU
Optimizing NNI: done in 2.29403 secs using 755.1% CPU
Optimizing NNI: done in 2.83674 secs using 782.7% CPU
Optimizing NNI: done in 2.45617 secs using 766.4% CPU
Optimizing NNI: done in 2.17317 secs using 787.2% CPU
Optimizing NNI: done in 2.61016 secs using 777.7% CPU
Optimizing NNI: done in 2.54557 secs using 781% CPU
Optimizing NNI: done in 2.6564 secs using 759% CPU
Optimizing NNI: done in 3.0526 secs using 706.1% CPU
Iteration 170 / LogL: -35124.707 / Time: 0h:8m:45s (0h:2m:50s left)
Optimizing NNI: done in 2.36861 secs using 782.9% CPU
Optimizing NNI: done in 2.36891 secs using 771.9% CPU
Optimizing NNI: done in 2.1166 secs using 780.9% CPU
Optimizing NNI: done in 2.65343 secs using 788.8% CPU
Optimizing NNI: done in 2.34103 secs using 765.4% CPU
Optimizing NNI: done in 2.44039 secs using 788.7% CPU
Optimizing NNI: done in 2.51822 secs using 789% CPU
Optimizing NNI: done in 2.7838 secs using 786.7% CPU
Optimizing NNI: done in 2.15202 secs using 786.5% CPU
Optimizing NNI: done in 2.61535 secs using 785.8% CPU
Iteration 180 / LogL: -35211.489 / Time: 0h:9m:10s (0h:2m:18s left)
Optimizing NNI: done in 2.58208 secs using 784.9% CPU
Optimizing NNI: done in 2.16928 secs using 788.5% CPU
Optimizing NNI: done in 2.3936 secs using 788.8% CPU
Optimizing NNI: done in 2.81183 secs using 719.8% CPU
Optimizing NNI: done in 2.65427 secs using 775.7% CPU
Optimizing NNI: done in 3.12524 secs using 741.7% CPU
Optimizing NNI: done in 2.31665 secs using 789.1% CPU
Optimizing NNI: done in 2.66304 secs using 792% CPU
Optimizing NNI: done in 2.60776 secs using 761.9% CPU
Optimizing NNI: done in 2.59048 secs using 763.2% CPU
Iteration 190 / LogL: -35126.428 / Time: 0h:9m:36s (0h:1m:46s left)
Optimizing NNI: done in 2.55228 secs using 775.9% CPU
Optimizing NNI: done in 2.361 secs using 789.1% CPU
Optimizing NNI: done in 2.25622 secs using 781.9% CPU
Optimizing NNI: done in 2.28128 secs using 774.9% CPU
Optimizing NNI: done in 3.01089 secs using 766.1% CPU
Optimizing NNI: done in 2.99002 secs using 705% CPU
Optimizing NNI: done in 2.35933 secs using 786.1% CPU
Optimizing NNI: done in 2.88644 secs using 725.2% CPU
Optimizing NNI: done in 2.4562 secs using 752.3% CPU
Optimizing NNI: done in 2.48492 secs using 763.6% CPU
Iteration 200 / LogL: -35135.781 / Time: 0h:10m:2s (0h:1m:15s left)
Log-likelihood cutoff on original alignment: -35281.363
NOTE: Bootstrap correlation coefficient of split occurrence frequencies: 0.989
NOTE: UFBoot does not converge, continue at least 100 more iterations
Optimizing NNI: done in 2.32903 secs using 787.4% CPU
Optimizing NNI: done in 2.20582 secs using 787.3% CPU
Optimizing NNI: done in 2.70878 secs using 778.1% CPU
Optimizing NNI: done in 2.4079 secs using 772.6% CPU
Optimizing NNI: done in 2.54839 secs using 779.4% CPU
Optimizing NNI: done in 2.57463 secs using 785.5% CPU
Optimizing NNI: done in 2.4411 secs using 775.3% CPU
Optimizing NNI: done in 1.94804 secs using 775.7% CPU
Optimizing NNI: done in 2.74286 secs using 767.2% CPU
Optimizing NNI: done in 2.77978 secs using 736.2% CPU
Iteration 210 / LogL: -35145.220 / Time: 0h:10m:29s (0h:4m:30s left)
Optimizing NNI: done in 3.18299 secs using 705% CPU
Optimizing NNI: done in 2.7253 secs using 769.3% CPU
Optimizing NNI: done in 3.05857 secs using 759.5% CPU
Optimizing NNI: done in 2.3726 secs using 767.4% CPU
Optimizing NNI: done in 3.06421 secs using 760.3% CPU
Optimizing NNI: done in 2.41445 secs using 766.5% CPU
Optimizing NNI: done in 2.90504 secs using 763.7% CPU
Optimizing NNI: done in 2.7927 secs using 765% CPU
Optimizing NNI: done in 2.88258 secs using 744% CPU
Optimizing NNI: done in 2.93083 secs using 747.8% CPU
Iteration 220 / LogL: -35188.637 / Time: 0h:10m:57s (0h:4m:0s left)
Optimizing NNI: done in 3.32011 secs using 716.9% CPU
Optimizing NNI: done in 2.41294 secs using 763.3% CPU
Optimizing NNI: done in 2.66602 secs using 734.1% CPU
Optimizing NNI: done in 2.5472 secs using 736.8% CPU
Optimizing NNI: done in 3.87475 secs using 726.8% CPU
Optimizing NNI: done in 3.27062 secs using 740.5% CPU
Optimizing NNI: done in 3.48783 secs using 733.7% CPU
Optimizing NNI: done in 2.65496 secs using 788.3% CPU
Optimizing NNI: done in 2.38155 secs using 792.5% CPU
Optimizing NNI: done in 2.67278 secs using 771.8% CPU
Iteration 230 / LogL: -35135.074 / Time: 0h:11m:27s (0h:3m:30s left)
Optimizing NNI: done in 3.0691 secs using 692.8% CPU
Optimizing NNI: done in 2.54485 secs using 771.9% CPU
Optimizing NNI: done in 2.18778 secs using 794.5% CPU
Optimizing NNI: done in 2.47941 secs using 786.5% CPU
Optimizing NNI: done in 2.7608 secs using 793.3% CPU
Optimizing NNI: done in 2.61147 secs using 790.3% CPU
Optimizing NNI: done in 2.41821 secs using 790.9% CPU
Optimizing NNI: done in 2.43111 secs using 791.1% CPU
Optimizing NNI: done in 2.16769 secs using 789.4% CPU
Optimizing NNI: done in 2.75493 secs using 788.8% CPU
Iteration 240 / LogL: -35119.207 / Time: 0h:11m:54s (0h:2m:59s left)
Optimizing NNI: done in 2.87661 secs using 792% CPU
Optimizing NNI: done in 2.59156 secs using 790.7% CPU
Optimizing NNI: done in 2.24847 secs using 788.3% CPU
Optimizing NNI: done in 2.05201 secs using 791.7% CPU
Optimizing NNI: done in 2.46611 secs using 790.3% CPU
Optimizing NNI: done in 2.20101 secs using 788% CPU
Optimizing NNI: done in 2.18958 secs using 794.5% CPU
Optimizing NNI: done in 2.38089 secs using 791.9% CPU
Optimizing NNI: done in 2.81181 secs using 792.1% CPU
Optimizing NNI: done in 2.25008 secs using 789.9% CPU
Iteration 250 / LogL: -35247.051 / Time: 0h:12m:18s (0h:2m:28s left)
Log-likelihood cutoff on original alignment: -35281.363
Optimizing NNI: done in 2.47536 secs using 766.8% CPU
Optimizing NNI: done in 2.3298 secs using 790.3% CPU
Optimizing NNI: done in 2.23317 secs using 794.6% CPU
Optimizing NNI: done in 2.21942 secs using 786.9% CPU
Optimizing NNI: done in 2.34988 secs using 769.9% CPU
Optimizing NNI: done in 2.41517 secs using 789.8% CPU
Optimizing NNI: done in 2.49453 secs using 789.5% CPU
Optimizing NNI: done in 2.29644 secs using 788.7% CPU
Optimizing NNI: done in 2.17943 secs using 793.3% CPU
Optimizing NNI: done in 2.59355 secs using 791.3% CPU
Iteration 260 / LogL: -35136.199 / Time: 0h:12m:43s (0h:1m:57s left)
Optimizing NNI: done in 2.15778 secs using 793.3% CPU
Optimizing NNI: done in 2.67286 secs using 788.4% CPU
Optimizing NNI: done in 2.09873 secs using 793.7% CPU
Optimizing NNI: done in 2.75556 secs using 788.6% CPU
Optimizing NNI: done in 2.30859 secs using 793.7% CPU
Optimizing NNI: done in 2.57854 secs using 782.5% CPU
Optimizing NNI: done in 2.2692 secs using 794.1% CPU
Optimizing NNI: done in 2.29597 secs using 779.7% CPU
Optimizing NNI: done in 2.57189 secs using 794.1% CPU
Optimizing NNI: done in 2.61794 secs using 789.9% CPU
Iteration 270 / LogL: -35126.113 / Time: 0h:13m:8s (0h:1m:27s left)
Optimizing NNI: done in 2.29554 secs using 793.1% CPU
Optimizing NNI: done in 2.11661 secs using 792.2% CPU
Optimizing NNI: done in 2.32512 secs using 790.8% CPU
Optimizing NNI: done in 2.85511 secs using 757.5% CPU
Optimizing NNI: done in 2.49403 secs using 769.4% CPU
Optimizing NNI: done in 2.52348 secs using 795.6% CPU
Estimate model parameters (epsilon = 0.100)
BETTER TREE FOUND at iteration 276: -35113.324
Optimizing NNI: done in 2.86562 secs using 791% CPU
Optimizing NNI: done in 2.34713 secs using 791.3% CPU
Optimizing NNI: done in 2.72906 secs using 794% CPU
Optimizing NNI: done in 2.59765 secs using 791.7% CPU
Iteration 280 / LogL: -35114.462 / Time: 0h:13m:34s (0h:4m:40s left)
Optimizing NNI: done in 2.3447 secs using 793.3% CPU
Optimizing NNI: done in 2.18986 secs using 787.2% CPU
Optimizing NNI: done in 2.33919 secs using 794.4% CPU
Optimizing NNI: done in 2.38006 secs using 791.2% CPU
Optimizing NNI: done in 2.61759 secs using 791% CPU
Optimizing NNI: done in 2.46726 secs using 785.3% CPU
Optimizing NNI: done in 2.47135 secs using 791.3% CPU
Optimizing NNI: done in 2.41414 secs using 793.3% CPU
Optimizing NNI: done in 2.34147 secs using 791.6% CPU
Optimizing NNI: done in 2.23525 secs using 793.7% CPU
Iteration 290 / LogL: -35164.976 / Time: 0h:13m:59s (0h:4m:9s left)
Optimizing NNI: done in 2.52422 secs using 794.5% CPU
Optimizing NNI: done in 2.22167 secs using 791.2% CPU
Optimizing NNI: done in 3.30142 secs using 715.7% CPU
Optimizing NNI: done in 3.35426 secs using 724.3% CPU
Optimizing NNI: done in 2.69088 secs using 771.1% CPU
Optimizing NNI: done in 2.38116 secs using 752.7% CPU
Optimizing NNI: done in 2.15214 secs using 768.5% CPU
Optimizing NNI: done in 2.80591 secs using 729.1% CPU
Optimizing NNI: done in 3.09753 secs using 787.8% CPU
Optimizing NNI: done in 2.6006 secs using 747.3% CPU
Iteration 300 / LogL: -35120.376 / Time: 0h:14m:27s (0h:3m:40s left)
Log-likelihood cutoff on original alignment: -35281.363
NOTE: Bootstrap correlation coefficient of split occurrence frequencies: 0.996
Optimizing NNI: done in 2.49838 secs using 768.4% CPU
Optimizing NNI: done in 2.26014 secs using 794.8% CPU
Optimizing NNI: done in 2.44575 secs using 772.1% CPU
Optimizing NNI: done in 2.21899 secs using 786.2% CPU
Optimizing NNI: done in 2.57744 secs using 783.2% CPU
Optimizing NNI: done in 3.06168 secs using 721% CPU
Optimizing NNI: done in 2.38537 secs using 786.2% CPU
Optimizing NNI: done in 2.54795 secs using 776.4% CPU
Estimate model parameters (epsilon = 0.100)
BETTER TREE FOUND at iteration 308: -35112.764
Optimizing NNI: done in 2.57145 secs using 788% CPU
Optimizing NNI: done in 2.38237 secs using 790.4% CPU
Iteration 310 / LogL: -35120.382 / Time: 0h:14m:54s (0h:4m:43s left)
Optimizing NNI: done in 2.8896 secs using 786.5% CPU
Optimizing NNI: done in 2.9093 secs using 732.5% CPU
Optimizing NNI: done in 2.05713 secs using 790.7% CPU
Optimizing NNI: done in 2.56431 secs using 790.2% CPU
Optimizing NNI: done in 2.21188 secs using 791.8% CPU
Optimizing NNI: done in 2.46255 secs using 785.3% CPU
Optimizing NNI: done in 2.51935 secs using 777.4% CPU
Optimizing NNI: done in 2.34093 secs using 783.6% CPU
Optimizing NNI: done in 2.01341 secs using 786% CPU
Optimizing NNI: done in 2.33003 secs using 782.6% CPU
Iteration 320 / LogL: -35115.241 / Time: 0h:15m:19s (0h:4m:13s left)
Optimizing NNI: done in 2.77649 secs using 765.8% CPU
Optimizing NNI: done in 3.03882 secs using 729.3% CPU
Optimizing NNI: done in 2.84007 secs using 775.6% CPU
Optimizing NNI: done in 2.63393 secs using 782.8% CPU
Optimizing NNI: done in 2.45086 secs using 788.7% CPU
Optimizing NNI: done in 1.75249 secs using 791.2% CPU
Optimizing NNI: done in 3.31611 secs using 759.5% CPU
Optimizing NNI: done in 2.15321 secs using 777% CPU
Optimizing NNI: done in 2.76414 secs using 732.4% CPU
Optimizing NNI: done in 2.51275 secs using 748.4% CPU
Iteration 330 / LogL: -35136.522 / Time: 0h:15m:46s (0h:3m:44s left)
Optimizing NNI: done in 2.64659 secs using 756.7% CPU
Optimizing NNI: done in 2.45126 secs using 771.8% CPU
Optimizing NNI: done in 2.40164 secs using 777.2% CPU
Optimizing NNI: done in 2.41308 secs using 775.3% CPU
Optimizing NNI: done in 2.20521 secs using 781.6% CPU
Optimizing NNI: done in 2.07248 secs using 792.4% CPU
Optimizing NNI: done in 2.17236 secs using 791.3% CPU
Optimizing NNI: done in 2.47462 secs using 737.1% CPU
Optimizing NNI: done in 3.48978 secs using 754.4% CPU
Optimizing NNI: done in 3.08902 secs using 756.6% CPU
Iteration 340 / LogL: -35122.953 / Time: 0h:16m:12s (0h:3m:15s left)
Optimizing NNI: done in 2.48142 secs using 757.9% CPU
Optimizing NNI: done in 2.79492 secs using 761.5% CPU
Optimizing NNI: done in 2.65915 secs using 750.1% CPU
Optimizing NNI: done in 2.62043 secs using 757.5% CPU
Optimizing NNI: done in 2.86801 secs using 760% CPU
Optimizing NNI: done in 3.06163 secs using 749.6% CPU
Optimizing NNI: done in 2.37952 secs using 753.5% CPU
Optimizing NNI: done in 2.77284 secs using 765.1% CPU
Optimizing NNI: done in 2.35698 secs using 781.7% CPU
Optimizing NNI: done in 2.83018 secs using 783.3% CPU
Iteration 350 / LogL: -35133.297 / Time: 0h:16m:40s (0h:2m:46s left)
Log-likelihood cutoff on original alignment: -35281.363
Optimizing NNI: done in 2.6474 secs using 755.6% CPU
Optimizing NNI: done in 2.18624 secs using 768.9% CPU
Optimizing NNI: done in 2.49428 secs using 747.2% CPU
Optimizing NNI: done in 3.05961 secs using 746.4% CPU
Optimizing NNI: done in 3.30055 secs using 749.4% CPU
Optimizing NNI: done in 2.51063 secs using 730.5% CPU
Optimizing NNI: done in 2.54552 secs using 749.4% CPU
Optimizing NNI: done in 3.05316 secs using 705.9% CPU
Optimizing NNI: done in 2.87427 secs using 720.9% CPU
Optimizing NNI: done in 2.83198 secs using 736.8% CPU
Iteration 360 / LogL: -35129.101 / Time: 0h:17m:9s (0h:2m:17s left)
Optimizing NNI: done in 2.40804 secs using 793.1% CPU
Optimizing NNI: done in 2.48516 secs using 789.6% CPU
Optimizing NNI: done in 2.42153 secs using 788.5% CPU
Optimizing NNI: done in 2.32799 secs using 774.9% CPU
Optimizing NNI: done in 2.7526 secs using 753.9% CPU
Optimizing NNI: done in 3.17243 secs using 757.2% CPU
Optimizing NNI: done in 2.39557 secs using 758.4% CPU
Optimizing NNI: done in 2.43473 secs using 770.4% CPU
Optimizing NNI: done in 2.33588 secs using 772.5% CPU
Optimizing NNI: done in 2.57723 secs using 786% CPU
Iteration 370 / LogL: -35133.874 / Time: 0h:17m:35s (0h:1m:48s left)
Optimizing NNI: done in 2.02983 secs using 786.7% CPU
Optimizing NNI: done in 3.32177 secs using 723.7% CPU
Optimizing NNI: done in 2.63153 secs using 775.9% CPU
Optimizing NNI: done in 2.50801 secs using 786.1% CPU
Optimizing NNI: done in 2.94486 secs using 760.4% CPU
Optimizing NNI: done in 2.46201 secs using 772.8% CPU
Optimizing NNI: done in 2.41499 secs using 766.5% CPU
Optimizing NNI: done in 2.72063 secs using 763.9% CPU
Optimizing NNI: done in 2.90819 secs using 754.8% CPU
Optimizing NNI: done in 2.40356 secs using 786.2% CPU
Iteration 380 / LogL: -35137.589 / Time: 0h:18m:2s (0h:1m:20s left)
Optimizing NNI: done in 2.79613 secs using 770.5% CPU
Optimizing NNI: done in 2.43085 secs using 779.5% CPU
Optimizing NNI: done in 2.81067 secs using 759.6% CPU
Optimizing NNI: done in 2.16233 secs using 786.8% CPU
Optimizing NNI: done in 2.88366 secs using 754.4% CPU
Optimizing NNI: done in 2.52161 secs using 747.8% CPU
Optimizing NNI: done in 2.75841 secs using 762.1% CPU
Optimizing NNI: done in 2.63235 secs using 774% CPU
Optimizing NNI: done in 2.61346 secs using 765.2% CPU
Optimizing NNI: done in 2.91387 secs using 775.8% CPU
Iteration 390 / LogL: -35125.096 / Time: 0h:18m:30s (0h:0m:51s left)
Optimizing NNI: done in 2.42073 secs using 776.7% CPU
Optimizing NNI: done in 2.73241 secs using 771% CPU
Optimizing NNI: done in 2.93686 secs using 760.4% CPU
Optimizing NNI: done in 2.91163 secs using 762.4% CPU
Optimizing NNI: done in 2.63691 secs using 764.6% CPU
Optimizing NNI: done in 2.44737 secs using 776.7% CPU
Optimizing NNI: done in 2.91339 secs using 745.3% CPU
Optimizing NNI: done in 3.43242 secs using 721.1% CPU
Optimizing NNI: done in 2.45169 secs using 788.4% CPU
Optimizing NNI: done in 2.94228 secs using 783.3% CPU
Iteration 400 / LogL: -35127.906 / Time: 0h:18m:59s (0h:0m:22s left)
Log-likelihood cutoff on original alignment: -35281.363
NOTE: Bootstrap correlation coefficient of split occurrence frequencies: 0.998
Optimizing NNI: done in 2.5953 secs using 788% CPU
Optimizing NNI: done in 2.17647 secs using 790.5% CPU
Optimizing NNI: done in 2.31244 secs using 789% CPU
Optimizing NNI: done in 3.09012 secs using 754.2% CPU
Optimizing NNI: done in 2.38394 secs using 789.4% CPU
Optimizing NNI: done in 2.52339 secs using 782.1% CPU
Optimizing NNI: done in 2.67753 secs using 774.5% CPU
Optimizing NNI: done in 2.40174 secs using 789% CPU
Optimizing NNI: done in 3.10734 secs using 719% CPU
TREE SEARCH COMPLETED AFTER 409 ITERATIONS / Time: 0h:19m:24s

--------------------------------------------------------------------
|                    FINALIZING TREE SEARCH                        |
--------------------------------------------------------------------
Performs final model parameters optimization
Estimate model parameters (epsilon = 0.010)
1. Initial log-likelihood: -35112.764
Optimal log-likelihood: -35112.764
Proportion of invariable sites: 0.070
Gamma shape alpha: 0.972
Parameters optimization took 1 rounds (0.155 sec)
BEST SCORE FOUND : -35112.764
Creating bootstrap support values...
Split supports printed to NEXUS file ./DIT1_PvcA_crm_domains_gt0-1.fas.splits.nex
Total tree length: 44.772

Total number of iterations: 409
CPU time used for tree search: 8664.972 sec (2h:24m:24s)
Wall-clock time used for tree search: 1143.974 sec (0h:19m:3s)
Total CPU time used: 8821.617 sec (2h:27m:1s)
Total wall-clock time used: 1165.375 sec (0h:19m:25s)

Computing bootstrap consensus tree...
Reading input file ./DIT1_PvcA_crm_domains_gt0-1.fas.splits.nex...
415 taxa and 2524 splits.
Consensus tree written to ./DIT1_PvcA_crm_domains_gt0-1.fas.contree
Reading input trees file ./DIT1_PvcA_crm_domains_gt0-1.fas.contree
Log-likelihood of consensus tree: -35116.439

Analysis results written to: 
  IQ-TREE report:                ./DIT1_PvcA_crm_domains_gt0-1.fas.iqtree
  Maximum-likelihood tree:       ./DIT1_PvcA_crm_domains_gt0-1.fas.treefile
  Likelihood distances:          ./DIT1_PvcA_crm_domains_gt0-1.fas.mldist

Ultrafast bootstrap approximation results written to:
  Split support values:          ./DIT1_PvcA_crm_domains_gt0-1.fas.splits.nex
  Consensus tree:                ./DIT1_PvcA_crm_domains_gt0-1.fas.contree
  Screen log file:               ./DIT1_PvcA_crm_domains_gt0-1.fas.log

ALISIM COMMAND
--------------
--alisim simulated_MSA -t ./DIT1_PvcA_crm_domains_gt0-1.fas.treefile -m "Q.plant+I{0.0695583}+G4{0.971918}" --length 274

Date and Time: Mon Jan 12 12:20:16 2026
